---
source: tests/compgen.rs
expression: data
---
************ COMPGEN `prog --ob=` ************
__argc_value=FILE	/color:default

************ COMPGEN `prog --oa --ob=` ************
__argc_filter=	/color:default
ok	/color:default

************ COMPGEN `prog abc --ob=` ************
__argc_filter=	/color:default
ok	/color:default


