---
source: tests/compgen.rs
expression: data
---
************ COMPGEN Bash `prog --oa A/B/` ************
 
C 
D 

************ COMPGEN Elvish `prog --oa A/B/` ************
A/B/	1	 		green
A/B/C	1	C		green
A/B/D	1	D		green

************ COMPGEN Fish `prog --oa A/B/` ************
A/B/
A/B/C
A/B/D

************ COMPGEN Nushell `prog --oa A/B/` ************
A/B/ 
A/B/C 
A/B/D 

************ COMPGEN Powershell `prog --oa A/B/` ************
A/B/	1	 		32
A/B/C	1	C		32
A/B/D	1	D		32

************ COMPGEN Xonsh `prog --oa A/B/` ************
A/B/	1	 	
A/B/C	1	C	
A/B/D	1	D	

************ COMPGEN Zsh `prog --oa A/B/` ************
A/B/ 			32
A/B/C 	C	C	32
A/B/D 	D	D	32


