---
source: tests/compgen.rs
expression: data
---
************ COMPGEN Bash `prog --oa ` ************
abc=
def=
ghk=

************ COMPGEN Fish `prog --oa ` ************
abc=
def=
ghk=

************ COMPGEN Nushell `prog --oa ` ************
abc=
def=
ghk=

************ COMPGEN Powershell `prog --oa ` ************
abc=	0	abc=		39
def=	0	def=		39
ghk=	0	ghk=		39

************ COMPGEN Zsh `prog --oa ` ************
abc=	abc=	abc=	39
def=	def=	def=	39
ghk=	ghk=	ghk=	39
