---
source: tests/spec.rs
expression: data
---
************ RUN ************
prog cmda -h

OUTPUT
command cat >&2 <<-'EOF' 
USAGE: prog cmda [OPTIONS]

OPTIONS:
  -a
      --fa
  -f, --fb...
       -sa
       -sb...
  -e <E>
      --oa <OA>
      --ob [<OB>...]
      --oc <DIR>
  -o, --od <FILE> <FILE>
      --oe [<OE>...]
      --ca <CA>           [possible values: x, y, z]
      --cc <CC>
      --cd <CD>
      --ce [<CE>...]
  -s,  -soa <SOA>
  -h,  -help              Print help

EOF
exit 0

************ RUN ************
prog cmdb -h

OUTPUT
command cat >&2 <<-'EOF' 
USAGE: prog cmdb --oa <OA> --ob <OB>... --oc <OC>... --oca <OCA> --ocb <OCB>... --occ <OCC>...

OPTIONS:
  -a, --oa <OA>
      --ob <OB>...
      --oc <OC>...
      --oca <OCA>
      --ocb <OCB>...
      --occ <OCC>...
  -h, --help

EOF
exit 0

************ RUN ************
prog cmdc -h

OUTPUT
command cat >&2 <<-'EOF' 
USAGE: prog cmdc [OPTIONS]

OPTIONS:
      --oe <OE>  [default: val]
      --of <OF>
      --cb <CB>  [default: x] [possible values: x, y, z]
  -h, --help     Print help

EOF
exit 0


