---
source: tests/spec_test.rs
assertion_line: 18
expression: output

---
RUN
spec cmd-option-names -h

STDOUT


STDERR
spec-cmd-option-names 
Options all kind of names

USAGE:
    spec cmd-option-names [OPTIONS] --opt2 <OPT-2> --opt4 <OPT-4>...

OPTIONS:
    -h, --help               Print help information
        --opt1 <OPT-1>       optional
        --opt2 <OPT-2>       required
        --opt3 <OPT-3>...    optional, multiple
        --opt4 <OPT-4>...    required, multiple
        --opt5 <OPT-5>       optional, default [default: a]
        --opt6 <OPT-6>       choices [possible values: a, b, c]
        --opt7 <OPT-7>       choices, default [default: a] [possible values: a, b, c]


