---
source: tests/compgen.rs
expression: data
---
************ COMPGEN `prog argc` ************
argc__args=([0]="prog" [1]="argc")	/color:green
argc__cmd_arg_index=0	/color:green
argc__positionals=([0]="argc")	/color:green
argc_foo=argc	/color:green

************ COMPGEN `prog argc ` ************
argc__args=([0]="prog" [1]="argc" [2]="")	/color:green
argc__cmd_arg_index=0	/color:green
argc__positionals=([0]="argc" [1]="")	/color:green
argc_bar=	/color:green
argc_foo=argc	/color:green

************ COMPGEN `prog argc argc` ************
argc__args=([0]="prog" [1]="argc" [2]="argc")	/color:green
argc__cmd_arg_index=0	/color:green
argc__positionals=([0]="argc" [1]="argc")	/color:green
argc_bar=argc	/color:green
argc_foo=argc	/color:green


