---
source: tests/param_fn.rs
expression: data
---
************ RUN ************
prog _choice_fn

OUTPUT
argc__line=''
argc__words=(  )
argc__args=(  )
argc__fn=_choice_fn
_choice_fn;exit;

************ RUN ************
prog _choice_fn  

OUTPUT
argc_v1=' '
argc__args=( ' ' )
argc__line=' '
argc__words=( prog ' ' )
argc__args=( ' ' )
argc__fn=_choice_fn
_choice_fn ' ';exit;

************ RUN ************
prog _choice_fn v1

OUTPUT
argc_v1=v1
argc__args=( v1 )
argc__line=v1
argc__words=( prog v1 )
argc__args=( v1 )
argc__fn=_choice_fn
_choice_fn v1;exit;

************ RUN ************
prog _choice_fn v1 

OUTPUT
argc_v1=v1
argc_v2=' '
argc__args=( v1 ' ' )
argc__line='v1 '
argc__words=( prog v1 ' ' )
argc__args=( v1 ' ' )
argc__fn=_choice_fn
_choice_fn v1 ' ';exit;

************ RUN ************
prog _choice_fn v1 v2

OUTPUT
argc_v1=v1
argc_v2=v2
argc__args=( v1 v2 )
argc__line='v1 v2'
argc__words=( prog v1 v2 )
argc__args=( v1 v2 )
argc__fn=_choice_fn
_choice_fn v1 v2;exit;

************ RUN ************
prog _choice_fn v1 v2 

OUTPUT
argc_v1=v1
argc_v2=v2
argc__args=( v1 v2 ' ' )
argc__line='v1 v2 '
argc__words=( prog v1 v2 ' ' )
argc__args=( v1 v2 )
argc__fn=_choice_fn
_choice_fn v1 v2;exit;


