---
source: tests/compgen.rs
expression: data
---
************ COMPGEN `prog --oa` ************
--oa

************ COMPGEN `prog --oa ` ************
__argc_matcher:
ok

************ COMPGEN `prog --oa --` ************
__argc_matcher:
ok

************ COMPGEN `prog --oa v1 v2` ************
__argc_matcher:
ok

************ COMPGEN `prog --oa -- ` ************
__argc_matcher:
ok


