---
source: tests/spec_test.rs
assertion_line: 39
expression: output
---
RUN
spec cmd_flag_formats -h

STDOUT


STDERR
spec-cmd_flag_formats 
All kind of flags

USAGE:
    spec cmd_flag_formats [OPTIONS]

OPTIONS:
    -a, --foo2    
    -b, --foo4    With description
        --foo1    
        --foo3    With description
    -h, --help    Print help information


