---
source: tests/param_fn.rs
expression: data
---
************ RUN ************
prog ___internal___ _choice_fn

OUTPUT
argc__args=( prog )
argc__cmd_arg_index=0
argc__positionals=(  )
_choice_fn
exit

************ RUN ************
prog ___internal___ _choice_fn prog cmd_multi_arg_with_choice_fn 

OUTPUT
argc_val=( '' )
argc__args=( prog cmd_multi_arg_with_choice_fn '' )
argc__cmd_arg_index=1
argc__cmd_fn=cmd_multi_arg_with_choice_fn
argc__positionals=( '' )
_choice_fn ''
exit

************ RUN ************
prog ___internal___ _choice_fn prog cmd_multi_arg_with_choice_fn v1

OUTPUT
argc_val=( v1 )
argc__args=( prog cmd_multi_arg_with_choice_fn v1 )
argc__cmd_arg_index=1
argc__cmd_fn=cmd_multi_arg_with_choice_fn
argc__positionals=( v1 )
_choice_fn v1
exit

************ RUN ************
prog ___internal___ _choice_fn prog cmd_multi_arg_with_choice_fn v1 

OUTPUT
argc_val=( v1 '' )
argc__args=( prog cmd_multi_arg_with_choice_fn v1 '' )
argc__cmd_arg_index=1
argc__cmd_fn=cmd_multi_arg_with_choice_fn
argc__positionals=( v1 '' )
_choice_fn v1 ''
exit

************ RUN ************
prog ___internal___ _choice_fn prog cmd_multi_arg_with_choice_fn v1 v2

OUTPUT
argc_val=( v1 v2 )
argc__args=( prog cmd_multi_arg_with_choice_fn v1 v2 )
argc__cmd_arg_index=1
argc__cmd_fn=cmd_multi_arg_with_choice_fn
argc__positionals=( v1 v2 )
_choice_fn v1 v2
exit

************ RUN ************
prog ___internal___ _choice_fn prog cmd_multi_arg_with_choice_fn v1 v2 

OUTPUT
argc_val=( v1 v2 '' )
argc__args=( prog cmd_multi_arg_with_choice_fn v1 v2 '' )
argc__cmd_arg_index=1
argc__cmd_fn=cmd_multi_arg_with_choice_fn
argc__positionals=( v1 v2 '' )
_choice_fn v1 v2 ''
exit


