---
source: tests/spec_test.rs
expression: output
---
RUN
spec cmd_flag_formats -h

OUTPUT
cat >&2 <<-'EOF' 
All kind of flags

USAGE: spec cmd_flag_formats [OPTIONS]

OPTIONS:
      --foo1     
  -a, --foo2     
      --foo3     With description
  -b, --foo4     With description
  -c, --foo5...  Can occure multiple times
  -h, --help     Print help

EOF
exit 0

