---
source: tests/spec_test.rs
assertion_line: 52
expression: output

---
RUN
spec cmd-positional-requires -h

STDOUT


STDERR
spec-cmd-positional-requires 
Positional all required

USAGE:
    spec cmd-positional-requires <ARG-1> <ARG-2>...

ARGS:
    <ARG-1>       A required arg
    <ARG-2>...    A required arg, multiple

OPTIONS:
    -h, --help    Print help information


