---
source: tests/compgen.rs
expression: data
---
************ COMPGEN `prog --oa ` ************
abc
def
ghi

************ COMPGEN `prog --oa=` ************
--oa=abc
--oa=def
--oa=ghi

************ COMPGEN `prog --oa=a` ************
--oa=abc

************ COMPGEN `prog --oa =a` ************


************ COMPGEN `prog --ob ` ************
x
y
z

************ COMPGEN `prog ` ************
x
y
z

************ COMPGEN `prog v1 ` ************
abc
def
ghi

************ COMPGEN `prog '--oa=` ************
--oa=abc
--oa=def
--oa=ghi

************ COMPGEN `prog '--oa=a` ************
--oa=abc

************ COMPGEN `prog "--oa=` ************
--oa=abc
--oa=def
--oa=ghi

************ COMPGEN `prog "--oa=a` ************
--oa=abc

************ COMPGEN `prog --oc ` ************
abc
def
ghi

************ COMPGEN `prog --oc abc,` ************
abc,abc
abc,def
abc,ghi


