---
source: tests/compgen.rs
expression: data
---
************ COMPGEN `prog argc` ************
argc__args=([0]="prog" [1]="argc")
argc__fn=_choice_fn
argc__index=0
argc__positionals=([0]="argc")
argc_foo=argc

************ COMPGEN `prog argc ` ************
argc__args=([0]="prog" [1]="argc" [2]="")
argc__fn=_choice_fn
argc__index=0
argc__positionals=([0]="argc" [1]="")
argc_bar=
argc_foo=argc

************ COMPGEN `prog argc argc` ************
argc__args=([0]="prog" [1]="argc" [2]="argc")
argc__fn=_choice_fn
argc__index=0
argc__positionals=([0]="argc" [1]="argc")
argc_bar=argc
argc_foo=argc


