---
source: tests/compgen.rs
expression: data
---
************ COMPGEN `prog ` ************
__argc_comp:file

************ COMPGEN `prog -` ************
--fc
-f
--oa
-o
--od
-d

************ COMPGEN `prog --` ************
--fc
--oa
--od

************ COMPGEN `prog -- ` ************
__argc_comp:file

************ COMPGEN `prog -f ` ************
__argc_comp:file

************ COMPGEN `prog --fc ` ************
__argc_comp:file

************ COMPGEN `prog -o ` ************
__argc_comp:dir

************ COMPGEN `prog -o d1` ************
__argc_comp:dir

************ COMPGEN `prog -o d1 ` ************
__argc_comp:dir

************ COMPGEN `prog -o d1 d2` ************
__argc_comp:dir

************ COMPGEN `prog -o d1 d2 ` ************
__argc_comp:dir

************ COMPGEN `prog -d d1` ************
__argc_comp:dir

************ COMPGEN `prog -d d1 ` ************
__argc_comp:file

************ COMPGEN `prog -d d1 d2` ************
__argc_comp:file

************ COMPGEN `prog -d d1 d2 ` ************
__argc_comp:file

************ COMPGEN `prog v1` ************
__argc_comp:file

************ COMPGEN `prog v1 ` ************
__argc_comp:file

************ COMPGEN `prog v1 v2` ************
__argc_comp:file

************ COMPGEN `prog v1 v2 ` ************
__argc_comp:file


