---
source: tests/spec.rs
expression: data
---
************ RUN ************
prog cmd v1 v2

OUTPUT
argc__args=( prog cmd v1 v2 )
argc__cmd_arg_index=1
argc__fn=cmd
argc__positionals=( v1 v2 )
cmd v1 v2

************ RUN ************
prog cmd --o1 -o2 -3

OUTPUT
argc__args=( prog cmd --o1 -o2 -3 )
argc__cmd_arg_index=1
argc__fn=cmd
argc__positionals=( --o1 -o2 -3 )
cmd --o1 -o2 -3


