---
source: tests/compgen.rs
expression: data
---
************ COMPGEN `prog --oa src/` ************
src/argc_value.rs 	argc_value.rs	argc_value.rs	39
src/bin/	bin/	bin/	1;34
src/build.rs 	build.rs	build.rs	39
src/command/	command/	command/	1;34
src/compgen.rs 	compgen.rs	compgen.rs	39
src/completions/	completions/	completions/	1;34
src/lib.rs 	lib.rs	lib.rs	39
src/mangen.rs 	mangen.rs	mangen.rs	39
src/matcher.rs 	matcher.rs	matcher.rs	39
src/param.rs 	param.rs	param.rs	39
src/parser.rs 	parser.rs	parser.rs	39
src/runtime/	runtime/	runtime/	1;34
src/shell.rs 	shell.rs	shell.rs	39
src/template/	template/	template/	1;34
src/utils.rs 	utils.rs	utils.rs	39

************ COMPGEN `prog --oa src/p` ************
src/param.rs 	param.rs	param.rs	39
src/parser.rs 	parser.rs	parser.rs	39

************ COMPGEN `prog --oa ./src/` ************
./src/argc_value.rs 	argc_value.rs	argc_value.rs	39
./src/bin/	bin/	bin/	1;34
./src/build.rs 	build.rs	build.rs	39
./src/command/	command/	command/	1;34
./src/compgen.rs 	compgen.rs	compgen.rs	39
./src/completions/	completions/	completions/	1;34
./src/lib.rs 	lib.rs	lib.rs	39
./src/mangen.rs 	mangen.rs	mangen.rs	39
./src/matcher.rs 	matcher.rs	matcher.rs	39
./src/param.rs 	param.rs	param.rs	39
./src/parser.rs 	parser.rs	parser.rs	39
./src/runtime/	runtime/	runtime/	1;34
./src/shell.rs 	shell.rs	shell.rs	39
./src/template/	template/	template/	1;34
./src/utils.rs 	utils.rs	utils.rs	39

************ COMPGEN `prog --oa C` ************
Cargo.lock 	Cargo.lock	Cargo.lock	39
Cargo.toml 	Cargo.toml	Cargo.toml	39

************ COMPGEN `prog --oa ./C` ************
./Cargo.lock 	Cargo.lock	Cargo.lock	39
./Cargo.toml 	Cargo.toml	Cargo.toml	39

************ COMPGEN `prog --ob src/completions/ar` ************
src/completions/argc.zsh 	argc.zsh	argc.zsh	39

************ COMPGEN `prog --oc src/` ************
src/bin/	bin/	bin/	1;34
src/command/	command/	command/	1;34
src/completions/	completions/	completions/	1;34
src/runtime/	runtime/	runtime/	1;34
src/template/	template/	template/	1;34
