---
source: tests/compgen.rs
expression: data
---
************ COMPGEN `prog --oa ` ************
__argc_value=DIR	/color:default

************ COMPGEN `prog --oa bash ` ************
__argc_value=FILE	/color:default

************ COMPGEN `prog --oa bash cmd1 ` ************
__argc_value=FILE	/color:default


