---
source: tests/export.rs
expression: output
---
{
  "describe": "Test argc",
  "name": null,
  "author": "nobody <nobody@example.com>",
  "version": "1.0.0",
  "options": [],
  "positionals": [],
  "aliases": [],
  "subcommands": [
    {
      "describe": "",
      "name": "cmd",
      "author": null,
      "version": null,
      "options": [
        {
          "name": "fa",
          "describe": "A flag",
          "short": "b",
          "flag": true,
          "hyphens": "--",
          "data": {
            "name": "fa",
            "choice": null,
            "default": null,
            "modifer": {
              "type": "Optional"
            }
          },
          "value_names": []
        },
        {
          "name": "oa",
          "describe": "A option",
          "short": "o",
          "flag": false,
          "hyphens": "--",
          "data": {
            "name": "oa",
            "choice": null,
            "default": null,
            "modifer": {
              "type": "Optional"
            }
          },
          "value_names": []
        },
        {
          "name": "ob",
          "describe": "",
          "short": null,
          "flag": false,
          "hyphens": "--",
          "data": {
            "name": "ob",
            "choice": null,
            "default": null,
            "modifer": {
              "type": "MultipleOptional"
            }
          },
          "value_names": []
        },
        {
          "name": "oc",
          "describe": "",
          "short": null,
          "flag": false,
          "hyphens": "--",
          "data": {
            "name": "oc",
            "choice": null,
            "default": null,
            "modifer": {
              "type": "MultiCharOptional",
              "value": ","
            }
          },
          "value_names": []
        }
      ],
      "positionals": [
        {
          "name": "var",
          "describe": "",
          "data": {
            "name": "var",
            "choice": null,
            "default": null,
            "modifer": {
              "type": "Optional"
            }
          },
          "value_name": null
        }
      ],
      "aliases": [
        "a"
      ],
      "subcommands": []
    }
  ]
}
