---
source: tests/spec.rs
expression: data
---
************ RUN ************
prog cmda -af

OUTPUT
argc_a=1
argc_fb=1
argc__args=( prog cmda -af )
argc__index=1
argc__fn=cmda
argc__positionals=(  )
cmda

************ RUN ************
prog cmda -ae e

OUTPUT
argc_a=1
argc_e=e
argc__args=( prog cmda -ae e )
argc__index=1
argc__fn=cmda
argc__positionals=(  )
cmda

************ RUN ************
prog cmda -afe e

OUTPUT
argc_a=1
argc_fb=1
argc_e=e
argc__args=( prog cmda -afe e )
argc__index=1
argc__fn=cmda
argc__positionals=(  )
cmda

************ RUN ************
prog cmda -ao v1 v2

OUTPUT
argc_a=1
argc_od=( v1 v2 )
argc__args=( prog cmda -ao v1 v2 )
argc__index=1
argc__fn=cmda
argc__positionals=(  )
cmda


