---
source: tests/spec_test.rs
assertion_line: 45
expression: output
---
RUN
spec cmd_positional_requires -h

STDOUT


STDERR
spec-cmd_positional_requires
Positional all required

USAGE: spec cmd_positional_requires <ARG1> <ARG2>...

ARGS:
  <ARG1>     A required arg
  <ARG2>...  A required arg, multiple

OPTIONS:
  -h, --help  Print help information


