---
source: tests/compgen.rs
expression: data
---
************ COMPGEN `prog cmda ` ************
__argc_value=DIR	/color:green

************ COMPGEN `prog cmda v1` ************
__argc_value=DIR	/color:green

************ COMPGEN `prog cmda v1 ` ************
__argc_value=FILE	/color:green

************ COMPGEN `prog cmda v1 v2` ************
__argc_value=FILE	/color:green

************ COMPGEN `prog cmda v1 v2 ` ************
__argc_value=FILE	/color:green

************ COMPGEN `prog cmdb ` ************
__argc_value=DIR1	/color:green

************ COMPGEN `prog cmdb v1` ************
__argc_value=DIR1	/color:green

************ COMPGEN `prog cmdb v1 ` ************
__argc_value=DIR2	/color:green

************ COMPGEN `prog cmdb v1 v2` ************
__argc_value=DIR2	/color:green

************ COMPGEN `prog cmdb v1 v2 ` ************
__argc_value=DIR3	/color:green

************ COMPGEN `prog cmdb v1 v2 v3` ************
__argc_value=DIR3	/color:green

************ COMPGEN `prog cmdb v1 v2 v3 ` ************


************ COMPGEN `prog cmdc ` ************
__argc_value=DIR	/color:green

************ COMPGEN `prog cmdc v1` ************
__argc_value=DIR	/color:green

************ COMPGEN `prog cmdc v1 ` ************
__argc_value=FILE	/color:green

************ COMPGEN `prog cmdc v1 v2` ************
__argc_value=FILE	/color:green

************ COMPGEN `prog cmdc v1 v2 ` ************
__argc_value=FILE	/color:green


