---
source: tests/spec_test.rs
assertion_line: 130
expression: output
---
RUN
spec cmd_positional_with_choices -h

STDOUT


STDERR
spec-cmd_positional_with_choices 
Positional with choices

USAGE:
    spec cmd_positional_with_choices [ARG]

ARGS:
    <ARG>    A arg with choices [possible values: a, b]

OPTIONS:
    -h, --help    Print help information


