---
source: tests/spec.rs
expression: data
---
************ RUN ************
prog -A

OUTPUT
argc__args=( prog -A )
argc__index=1
argc__fn=-A
argc__positionals=(  )
-A

************ RUN ************
prog -AB

OUTPUT
argc_B=1
argc__args=( prog -AB )
argc__index=1
argc__fn=-A
argc__positionals=(  )
-A


