---
source: tests/validate.rs
expression: data
---
************ RUN ************
prog --fa foo

OUTPUT
command cat >&2 <<-'EOF' 
error: invalid value `foo` for `[VAL]`
  [possible values: abc]

For more information, try '--help'.

EOF
exit 1

************ RUN ************
prog foo

OUTPUT
command cat >&2 <<-'EOF' 
error: invalid value `foo` for `[VAL]`
  [possible values: def]

For more information, try '--help'.

EOF
exit 1


