---
source: tests/compgen.rs
expression: data
---
************ COMPGEN `prog ` ************
__argc_value=FILE	/color:green
cmda	/color:magenta
cmdb	/color:magenta

************ COMPGEN `prog c` ************
__argc_value=FILE	/color:green
cmda	/color:magenta
cmdb	/color:magenta

************ COMPGEN `prog cmda` ************
cmda	/color:magenta

************ COMPGEN `prog cmda ` ************
__argc_value=path	/color:green

************ COMPGEN `prog help ` ************
cmda	/color:magenta
cmdb	/color:magenta

************ COMPGEN `prog help c` ************
cmda	/color:magenta
cmdb	/color:magenta

************ COMPGEN `prog help cmda ` ************



