---
source: tests/compgen.rs
expression: output
---
RUN
cmd_option_names --opt7 a 

STDOUT
--opt1	optional
--opt2	required
--opt3	optional, multiple
--opt4	required, multiple
--opt5	optional, default
--opt6	choices
--opt8	required, choices
--opt9	optional, default from fn
--op10	choices from fn
--op11	required, choices from fn

STDERR


