---
source: tests/compgen.rs
expression: data
---
************ COMPGEN `prog ` ************
__argc_value=FILE	/color:green
cmd	/color:magenta

************ COMPGEN `prog cmd` ************
cmd	/color:magenta

************ COMPGEN `prog cmd ` ************
suba	/color:magenta
subb	/color:magenta

************ COMPGEN `prog cmd s` ************
suba	/color:magenta
subb	/color:magenta

************ COMPGEN `prog cmd suba` ************
suba	/color:magenta

************ COMPGEN `prog cmd suba ` ************
__argc_value=path	/color:green

************ COMPGEN `prog cmd help ` ************
suba	/color:magenta
subb	/color:magenta

************ COMPGEN `prog cmd help s` ************
suba	/color:magenta
subb	/color:magenta


