---
source: tests/spec_test.rs
assertion_line: 52
expression: output
---
RUN
spec cmd-positional-requires -h

STDOUT


STDERR
spec-cmd-positional-requires 
Positional all required

USAGE:
    spec cmd-positional-requires <ARG1> <ARG2>...

ARGS:
    <ARG1>       A required arg
    <ARG2>...    A required arg, multiple

OPTIONS:
    -h, --help    Print help information


