---
source: tests/spec_test.rs
expression: output
---
RUN
spec cmd_nested_command

STDOUT


STDERR
spec-cmd_nested_command 0.1.0
Nested command

USAGE: spec cmd_nested_command [OPTIONS] <COMMAND>

OPTIONS:
      --opt1 <OPT1>  
  -h, --help         Print help
  -V, --version      Print version

COMMANDS:
  foo  Subcommand of nested command [aliases: a]


