---
source: tests/spec_test.rs
assertion_line: 154
expression: output
---
RUN
spec cmd-positional-with-choices-and-default -h

STDOUT


STDERR
spec-cmd-positional-with-choices-and-default 
Positional with choices and value

USAGE:
    spec cmd-positional-with-choices-and-default [ARG]

ARGS:
    <ARG>    A arg with choices and default value [default: a] [possible values: a, b]

OPTIONS:
    -h, --help    Print help information


