---
source: tests/compgen.rs
expression: data
---
************ COMPGEN Bash `prog --oa A/` ************
 B/
C 

************ COMPGEN Elvish `prog --oa A/` ************
A/B/	0	B/	
A/C	1	C	

************ COMPGEN Fish `prog --oa A/` ************
A/B/
A/C

************ COMPGEN Nushell `prog --oa A/` ************
A/B/
A/C 

************ COMPGEN Powershell `prog --oa A/` ************
A/B/	0	B/	
A/C	1	C	

************ COMPGEN Xonsh `prog --oa A/` ************
A/B/	0	B/	
A/C	1	C	

************ COMPGEN Zsh `prog --oa A/` ************
A/B/	B/
A/C 	C


