---
source: tests/compgen.rs
expression: data
---
************ COMPGEN Bash `prog --oa='` ************
abc
def
ijk

************ COMPGEN Fish `prog --oa='` ************
--oa='abc
--oa='def
--oa='ijk

************ COMPGEN Nushell `prog --oa='` ************
--oa='abc
--oa='def
--oa='ijk

************ COMPGEN Powershell `prog --oa='` ************
--oa='abc	0	abc		39
--oa='def	0	def		39
--oa='ijk	0	ijk		39

************ COMPGEN Zsh `prog --oa='` ************
--oa='abc	abc	abc	39
--oa='def	def	def	39
--oa='ijk	ijk	ijk	39
