---
source: tests/compgen.rs
expression: data
---
************ COMPGEN `prog --oa ` ************
argc_value.rs 	argc_value.rs	argc_value.rs	39
bin/	bin/	bin/	1;34
build.rs 	build.rs	build.rs	39
command/	command/	command/	1;34
compgen.rs 	compgen.rs	compgen.rs	39
completions/	completions/	completions/	1;34
lib.rs 	lib.rs	lib.rs	39
mangen.rs 	mangen.rs	mangen.rs	39
matcher.rs 	matcher.rs	matcher.rs	39
param.rs 	param.rs	param.rs	39
parser.rs 	parser.rs	parser.rs	39
runtime/	runtime/	runtime/	1;34
shell.rs 	shell.rs	shell.rs	39
template/	template/	template/	1;34
utils.rs 	utils.rs	utils.rs	39

************ COMPGEN `prog --oa=` ************
--oa=argc_value.rs 	argc_value.rs	argc_value.rs	39
--oa=bin/	bin/	bin/	1;34
--oa=build.rs 	build.rs	build.rs	39
--oa=command/	command/	command/	1;34
--oa=compgen.rs 	compgen.rs	compgen.rs	39
--oa=completions/	completions/	completions/	1;34
--oa=lib.rs 	lib.rs	lib.rs	39
--oa=mangen.rs 	mangen.rs	mangen.rs	39
--oa=matcher.rs 	matcher.rs	matcher.rs	39
--oa=param.rs 	param.rs	param.rs	39
--oa=parser.rs 	parser.rs	parser.rs	39
--oa=runtime/	runtime/	runtime/	1;34
--oa=shell.rs 	shell.rs	shell.rs	39
--oa=template/	template/	template/	1;34
--oa=utils.rs 	utils.rs	utils.rs	39

************ COMPGEN `prog --ob ` ************
argc_value.rs\:	argc_value.rs\:	argc_value.rs:	39
bin/	bin/	bin/	1;34
build.rs\:	build.rs\:	build.rs:	39
command/	command/	command/	1;34
compgen.rs\:	compgen.rs\:	compgen.rs:	39
completions/	completions/	completions/	1;34
lib.rs\:	lib.rs\:	lib.rs:	39
mangen.rs\:	mangen.rs\:	mangen.rs:	39
matcher.rs\:	matcher.rs\:	matcher.rs:	39
param.rs\:	param.rs\:	param.rs:	39
parser.rs\:	parser.rs\:	parser.rs:	39
runtime/	runtime/	runtime/	1;34
shell.rs\:	shell.rs\:	shell.rs:	39
template/	template/	template/	1;34
utils.rs\:	utils.rs\:	utils.rs:	39

************ COMPGEN `prog foo=` ************
foo=argc_value.rs 	argc_value.rs	argc_value.rs	39
foo=bin/	bin/	bin/	1;34
foo=build.rs 	build.rs	build.rs	39
foo=command/	command/	command/	1;34
foo=compgen.rs 	compgen.rs	compgen.rs	39
foo=completions/	completions/	completions/	1;34
foo=lib.rs 	lib.rs	lib.rs	39
foo=mangen.rs 	mangen.rs	mangen.rs	39
foo=matcher.rs 	matcher.rs	matcher.rs	39
foo=param.rs 	param.rs	param.rs	39
foo=parser.rs 	parser.rs	parser.rs	39
foo=runtime/	runtime/	runtime/	1;34
foo=shell.rs 	shell.rs	shell.rs	39
foo=template/	template/	template/	1;34
foo=utils.rs 	utils.rs	utils.rs	39
