---
source: tests/export.rs
expression: output
---
{
  "name": null,
  "describe": "",
  "author": null,
  "version": null,
  "aliases": [],
  "flag_options": [],
  "positionals": [],
  "envs": [],
  "subcommands": [
    {
      "name": "options",
      "describe": "All kind of options",
      "author": null,
      "version": null,
      "aliases": [],
      "flag_options": [
        {
          "long_name": "--oa",
          "short_name": null,
          "describe": "",
          "flag": false,
          "var_name": "oa",
          "value_names": [
            "OA"
          ],
          "required": false,
          "multi_occurs": false,
          "multi_char": null,
          "terminated": false,
          "prefixed": false,
          "default_value": null,
          "default_fn": null,
          "choice_values": null,
          "choice_fn": null,
          "choice_fn_validate": null
        },
        {
          "long_name": "--ob",
          "short_name": "-b",
          "describe": "short",
          "flag": false,
          "var_name": "ob",
          "value_names": [
            "OB"
          ],
          "required": false,
          "multi_occurs": false,
          "multi_char": null,
          "terminated": false,
          "prefixed": false,
          "default_value": null,
          "default_fn": null,
          "choice_values": null,
          "choice_fn": null,
          "choice_fn_validate": null
        },
        {
          "long_name": "-c",
          "short_name": null,
          "describe": "short only",
          "flag": false,
          "var_name": "c",
          "value_names": [
            "C"
          ],
          "required": false,
          "multi_occurs": false,
          "multi_char": null,
          "terminated": false,
          "prefixed": false,
          "default_value": null,
          "default_fn": null,
          "choice_values": null,
          "choice_fn": null,
          "choice_fn_validate": null
        },
        {
          "long_name": "--oc",
          "short_name": null,
          "describe": "required",
          "flag": false,
          "var_name": "oc",
          "value_names": [
            "OC"
          ],
          "required": true,
          "multi_occurs": false,
          "multi_char": null,
          "terminated": false,
          "prefixed": false,
          "default_value": null,
          "default_fn": null,
          "choice_values": null,
          "choice_fn": null,
          "choice_fn_validate": null
        },
        {
          "long_name": "--od",
          "short_name": null,
          "describe": "multi-occurs",
          "flag": false,
          "var_name": "od",
          "value_names": [
            "OD"
          ],
          "required": false,
          "multi_occurs": true,
          "multi_char": null,
          "terminated": false,
          "prefixed": false,
          "default_value": null,
          "default_fn": null,
          "choice_values": null,
          "choice_fn": null,
          "choice_fn_validate": null
        },
        {
          "long_name": "--oe",
          "short_name": null,
          "describe": "required + multi-occurs",
          "flag": false,
          "var_name": "oe",
          "value_names": [
            "OE"
          ],
          "required": true,
          "multi_occurs": true,
          "multi_char": null,
          "terminated": false,
          "prefixed": false,
          "default_value": null,
          "default_fn": null,
          "choice_values": null,
          "choice_fn": null,
          "choice_fn_validate": null
        },
        {
          "long_name": "--ona",
          "short_name": null,
          "describe": "value notation",
          "flag": false,
          "var_name": "ona",
          "value_names": [
            "PATH"
          ],
          "required": false,
          "multi_occurs": false,
          "multi_char": null,
          "terminated": false,
          "prefixed": false,
          "default_value": null,
          "default_fn": null,
          "choice_values": null,
          "choice_fn": null,
          "choice_fn_validate": null
        },
        {
          "long_name": "--onb",
          "short_name": null,
          "describe": "two-args value notations",
          "flag": false,
          "var_name": "onb",
          "value_names": [
            "FILE",
            "FILE"
          ],
          "required": false,
          "multi_occurs": false,
          "multi_char": null,
          "terminated": false,
          "prefixed": false,
          "default_value": null,
          "default_fn": null,
          "choice_values": null,
          "choice_fn": null,
          "choice_fn_validate": null
        },
        {
          "long_name": "--onc",
          "short_name": null,
          "describe": "unlimited-args value notations",
          "flag": false,
          "var_name": "onc",
          "value_names": [
            "CMD",
            "FILE+"
          ],
          "required": false,
          "multi_occurs": false,
          "multi_char": null,
          "terminated": false,
          "prefixed": false,
          "default_value": null,
          "default_fn": null,
          "choice_values": null,
          "choice_fn": null,
          "choice_fn_validate": null
        },
        {
          "long_name": "--oda",
          "short_name": null,
          "describe": "default",
          "flag": false,
          "var_name": "oda",
          "value_names": [
            "ODA"
          ],
          "required": false,
          "multi_occurs": false,
          "multi_char": null,
          "terminated": false,
          "prefixed": false,
          "default_value": "a",
          "default_fn": null,
          "choice_values": null,
          "choice_fn": null,
          "choice_fn_validate": null
        },
        {
          "long_name": "--odb",
          "short_name": null,
          "describe": "default from fn",
          "flag": false,
          "var_name": "odb",
          "value_names": [
            "ODB"
          ],
          "required": false,
          "multi_occurs": false,
          "multi_char": null,
          "terminated": false,
          "prefixed": false,
          "default_value": null,
          "default_fn": "_default_fn",
          "choice_values": null,
          "choice_fn": null,
          "choice_fn_validate": null
        },
        {
          "long_name": "--oca",
          "short_name": null,
          "describe": "choice",
          "flag": false,
          "var_name": "oca",
          "value_names": [
            "OCA"
          ],
          "required": false,
          "multi_occurs": false,
          "multi_char": null,
          "terminated": false,
          "prefixed": false,
          "default_value": null,
          "default_fn": null,
          "choice_values": [
            "a",
            "b"
          ],
          "choice_fn": null,
          "choice_fn_validate": null
        },
        {
          "long_name": "--ocb",
          "short_name": null,
          "describe": "choice + default",
          "flag": false,
          "var_name": "ocb",
          "value_names": [
            "OCB"
          ],
          "required": false,
          "multi_occurs": false,
          "multi_char": null,
          "terminated": false,
          "prefixed": false,
          "default_value": "a",
          "default_fn": null,
          "choice_values": [
            "a",
            "b"
          ],
          "choice_fn": null,
          "choice_fn_validate": null
        },
        {
          "long_name": "--occ",
          "short_name": null,
          "describe": "multi-occurs + choice",
          "flag": false,
          "var_name": "occ",
          "value_names": [
            "OCC"
          ],
          "required": false,
          "multi_occurs": true,
          "multi_char": null,
          "terminated": false,
          "prefixed": false,
          "default_value": null,
          "default_fn": null,
          "choice_values": [
            "a",
            "b"
          ],
          "choice_fn": null,
          "choice_fn_validate": null
        },
        {
          "long_name": "--ocd",
          "short_name": null,
          "describe": "required + multi-occurs + choice",
          "flag": false,
          "var_name": "ocd",
          "value_names": [
            "OCD"
          ],
          "required": true,
          "multi_occurs": true,
          "multi_char": null,
          "terminated": false,
          "prefixed": false,
          "default_value": null,
          "default_fn": null,
          "choice_values": [
            "a",
            "b"
          ],
          "choice_fn": null,
          "choice_fn_validate": null
        },
        {
          "long_name": "--ofa",
          "short_name": null,
          "describe": "choice from fn",
          "flag": false,
          "var_name": "ofa",
          "value_names": [
            "OFA"
          ],
          "required": false,
          "multi_occurs": false,
          "multi_char": null,
          "terminated": false,
          "prefixed": false,
          "default_value": null,
          "default_fn": null,
          "choice_values": null,
          "choice_fn": "_choice_fn",
          "choice_fn_validate": true
        },
        {
          "long_name": "--ofb",
          "short_name": null,
          "describe": "choice from fn + no validation",
          "flag": false,
          "var_name": "ofb",
          "value_names": [
            "OFB"
          ],
          "required": false,
          "multi_occurs": false,
          "multi_char": null,
          "terminated": false,
          "prefixed": false,
          "default_value": null,
          "default_fn": null,
          "choice_values": null,
          "choice_fn": "_choice_fn",
          "choice_fn_validate": false
        },
        {
          "long_name": "--ofc",
          "short_name": null,
          "describe": "multi-occurs + choice from fn",
          "flag": false,
          "var_name": "ofc",
          "value_names": [
            "OFC"
          ],
          "required": false,
          "multi_occurs": true,
          "multi_char": null,
          "terminated": false,
          "prefixed": false,
          "default_value": null,
          "default_fn": null,
          "choice_values": null,
          "choice_fn": "_choice_fn",
          "choice_fn_validate": true
        },
        {
          "long_name": "--ofd",
          "short_name": null,
          "describe": "multi-occurs + choice from fn + comma-separated list",
          "flag": false,
          "var_name": "ofd",
          "value_names": [
            "OFD"
          ],
          "required": false,
          "multi_occurs": true,
          "multi_char": ",",
          "terminated": false,
          "prefixed": false,
          "default_value": null,
          "default_fn": null,
          "choice_values": null,
          "choice_fn": "_choice_fn",
          "choice_fn_validate": true
        },
        {
          "long_name": "--oxa",
          "short_name": null,
          "describe": "capture all remaining args",
          "flag": false,
          "var_name": "oxa",
          "value_names": [
            "OXA~"
          ],
          "required": false,
          "multi_occurs": false,
          "multi_char": null,
          "terminated": true,
          "prefixed": false,
          "default_value": null,
          "default_fn": null,
          "choice_values": null,
          "choice_fn": null,
          "choice_fn_validate": null
        }
      ],
      "positionals": [],
      "envs": [],
      "subcommands": [],
      "root": null
    },
    {
      "name": "flags",
      "describe": "All kind of flags",
      "author": null,
      "version": null,
      "aliases": [],
      "flag_options": [
        {
          "long_name": "--fa",
          "short_name": null,
          "describe": "",
          "flag": true,
          "var_name": "fa",
          "value_names": [],
          "required": false,
          "multi_occurs": false,
          "multi_char": null,
          "terminated": false,
          "prefixed": false,
          "default_value": null,
          "default_fn": null,
          "choice_values": null,
          "choice_fn": null,
          "choice_fn_validate": null
        },
        {
          "long_name": "--fb",
          "short_name": "-b",
          "describe": "short",
          "flag": true,
          "var_name": "fb",
          "value_names": [],
          "required": false,
          "multi_occurs": false,
          "multi_char": null,
          "terminated": false,
          "prefixed": false,
          "default_value": null,
          "default_fn": null,
          "choice_values": null,
          "choice_fn": null,
          "choice_fn_validate": null
        },
        {
          "long_name": "-c",
          "short_name": null,
          "describe": "short only",
          "flag": true,
          "var_name": "c",
          "value_names": [],
          "required": false,
          "multi_occurs": false,
          "multi_char": null,
          "terminated": false,
          "prefixed": false,
          "default_value": null,
          "default_fn": null,
          "choice_values": null,
          "choice_fn": null,
          "choice_fn_validate": null
        },
        {
          "long_name": "--fd",
          "short_name": null,
          "describe": "multi-occurs",
          "flag": true,
          "var_name": "fd",
          "value_names": [],
          "required": false,
          "multi_occurs": true,
          "multi_char": null,
          "terminated": false,
          "prefixed": false,
          "default_value": null,
          "default_fn": null,
          "choice_values": null,
          "choice_fn": null,
          "choice_fn_validate": null
        },
        {
          "long_name": "--fe",
          "short_name": "-e",
          "describe": "short + multi-occurs",
          "flag": true,
          "var_name": "fe",
          "value_names": [],
          "required": false,
          "multi_occurs": true,
          "multi_char": null,
          "terminated": false,
          "prefixed": false,
          "default_value": null,
          "default_fn": null,
          "choice_values": null,
          "choice_fn": null,
          "choice_fn_validate": null
        }
      ],
      "positionals": [],
      "envs": [],
      "subcommands": [],
      "root": null
    },
    {
      "name": "options-one-hyphen",
      "describe": "Flags or options with single hyphen",
      "author": null,
      "version": null,
      "aliases": [],
      "flag_options": [
        {
          "long_name": "-fa",
          "short_name": null,
          "describe": "",
          "flag": true,
          "var_name": "fa",
          "value_names": [],
          "required": false,
          "multi_occurs": false,
          "multi_char": null,
          "terminated": false,
          "prefixed": false,
          "default_value": null,
          "default_fn": null,
          "choice_values": null,
          "choice_fn": null,
          "choice_fn_validate": null
        },
        {
          "long_name": "-fb",
          "short_name": "-b",
          "describe": "",
          "flag": true,
          "var_name": "fb",
          "value_names": [],
          "required": false,
          "multi_occurs": false,
          "multi_char": null,
          "terminated": false,
          "prefixed": false,
          "default_value": null,
          "default_fn": null,
          "choice_values": null,
          "choice_fn": null,
          "choice_fn_validate": null
        },
        {
          "long_name": "-fd",
          "short_name": null,
          "describe": "",
          "flag": true,
          "var_name": "fd",
          "value_names": [],
          "required": false,
          "multi_occurs": true,
          "multi_char": null,
          "terminated": false,
          "prefixed": false,
          "default_value": null,
          "default_fn": null,
          "choice_values": null,
          "choice_fn": null,
          "choice_fn_validate": null
        },
        {
          "long_name": "-oa",
          "short_name": null,
          "describe": "",
          "flag": false,
          "var_name": "oa",
          "value_names": [
            "OA"
          ],
          "required": false,
          "multi_occurs": false,
          "multi_char": null,
          "terminated": false,
          "prefixed": false,
          "default_value": null,
          "default_fn": null,
          "choice_values": null,
          "choice_fn": null,
          "choice_fn_validate": null
        },
        {
          "long_name": "-od",
          "short_name": null,
          "describe": "",
          "flag": false,
          "var_name": "od",
          "value_names": [
            "OD"
          ],
          "required": false,
          "multi_occurs": true,
          "multi_char": null,
          "terminated": false,
          "prefixed": false,
          "default_value": null,
          "default_fn": null,
          "choice_values": null,
          "choice_fn": null,
          "choice_fn_validate": null
        },
        {
          "long_name": "-ona",
          "short_name": null,
          "describe": "",
          "flag": false,
          "var_name": "ona",
          "value_names": [
            "PATH"
          ],
          "required": false,
          "multi_occurs": false,
          "multi_char": null,
          "terminated": false,
          "prefixed": false,
          "default_value": null,
          "default_fn": null,
          "choice_values": null,
          "choice_fn": null,
          "choice_fn_validate": null
        },
        {
          "long_name": "-oca",
          "short_name": null,
          "describe": "",
          "flag": false,
          "var_name": "oca",
          "value_names": [
            "OCA"
          ],
          "required": false,
          "multi_occurs": false,
          "multi_char": null,
          "terminated": false,
          "prefixed": false,
          "default_value": null,
          "default_fn": null,
          "choice_values": [
            "a",
            "b"
          ],
          "choice_fn": null,
          "choice_fn_validate": null
        },
        {
          "long_name": "-ofa",
          "short_name": null,
          "describe": "",
          "flag": false,
          "var_name": "ofa",
          "value_names": [
            "OFA"
          ],
          "required": false,
          "multi_occurs": false,
          "multi_char": null,
          "terminated": false,
          "prefixed": false,
          "default_value": null,
          "default_fn": null,
          "choice_values": null,
          "choice_fn": "_choice_fn",
          "choice_fn_validate": true
        }
      ],
      "positionals": [],
      "envs": [],
      "subcommands": [],
      "root": null
    },
    {
      "name": "options-notation-modifier",
      "describe": "Value notation modifier",
      "author": null,
      "version": null,
      "aliases": [],
      "flag_options": [
        {
          "long_name": "--oa",
          "short_name": null,
          "describe": "multi values, zero or more",
          "flag": false,
          "var_name": "oa",
          "value_names": [
            "VALUE*"
          ],
          "required": false,
          "multi_occurs": false,
          "multi_char": null,
          "terminated": false,
          "prefixed": false,
          "default_value": null,
          "default_fn": null,
          "choice_values": null,
          "choice_fn": null,
          "choice_fn_validate": null
        },
        {
          "long_name": "--ob",
          "short_name": null,
          "describe": "multi values, one or more",
          "flag": false,
          "var_name": "ob",
          "value_names": [
            "VALUE+"
          ],
          "required": false,
          "multi_occurs": false,
          "multi_char": null,
          "terminated": false,
          "prefixed": false,
          "default_value": null,
          "default_fn": null,
          "choice_values": null,
          "choice_fn": null,
          "choice_fn_validate": null
        },
        {
          "long_name": "--oc",
          "short_name": null,
          "describe": "zero or one",
          "flag": false,
          "var_name": "oc",
          "value_names": [
            "VALUE?"
          ],
          "required": false,
          "multi_occurs": false,
          "multi_char": null,
          "terminated": false,
          "prefixed": false,
          "default_value": null,
          "default_fn": null,
          "choice_values": null,
          "choice_fn": null,
          "choice_fn_validate": null
        }
      ],
      "positionals": [],
      "envs": [],
      "subcommands": [],
      "root": null
    },
    {
      "name": "options-plus",
      "describe": "All kind of options",
      "author": null,
      "version": null,
      "aliases": [],
      "flag_options": [
        {
          "long_name": "+oa",
          "short_name": null,
          "describe": "",
          "flag": false,
          "var_name": "plus_oa",
          "value_names": [
            "OA"
          ],
          "required": false,
          "multi_occurs": false,
          "multi_char": null,
          "terminated": false,
          "prefixed": false,
          "default_value": null,
          "default_fn": null,
          "choice_values": null,
          "choice_fn": null,
          "choice_fn_validate": null
        },
        {
          "long_name": "+ob",
          "short_name": "+b",
          "describe": "short",
          "flag": false,
          "var_name": "plus_ob",
          "value_names": [
            "OB"
          ],
          "required": false,
          "multi_occurs": false,
          "multi_char": null,
          "terminated": false,
          "prefixed": false,
          "default_value": null,
          "default_fn": null,
          "choice_values": null,
          "choice_fn": null,
          "choice_fn_validate": null
        },
        {
          "long_name": "+c",
          "short_name": null,
          "describe": "short only",
          "flag": false,
          "var_name": "plus_c",
          "value_names": [
            "C"
          ],
          "required": false,
          "multi_occurs": false,
          "multi_char": null,
          "terminated": false,
          "prefixed": false,
          "default_value": null,
          "default_fn": null,
          "choice_values": null,
          "choice_fn": null,
          "choice_fn_validate": null
        },
        {
          "long_name": "+oc",
          "short_name": null,
          "describe": "required",
          "flag": false,
          "var_name": "plus_oc",
          "value_names": [
            "OC"
          ],
          "required": true,
          "multi_occurs": false,
          "multi_char": null,
          "terminated": false,
          "prefixed": false,
          "default_value": null,
          "default_fn": null,
          "choice_values": null,
          "choice_fn": null,
          "choice_fn_validate": null
        },
        {
          "long_name": "+od",
          "short_name": null,
          "describe": "multi-occurs",
          "flag": false,
          "var_name": "plus_od",
          "value_names": [
            "OD"
          ],
          "required": false,
          "multi_occurs": true,
          "multi_char": null,
          "terminated": false,
          "prefixed": false,
          "default_value": null,
          "default_fn": null,
          "choice_values": null,
          "choice_fn": null,
          "choice_fn_validate": null
        },
        {
          "long_name": "+oe",
          "short_name": null,
          "describe": "required + multi-occurs",
          "flag": false,
          "var_name": "plus_oe",
          "value_names": [
            "OE"
          ],
          "required": true,
          "multi_occurs": true,
          "multi_char": null,
          "terminated": false,
          "prefixed": false,
          "default_value": null,
          "default_fn": null,
          "choice_values": null,
          "choice_fn": null,
          "choice_fn_validate": null
        },
        {
          "long_name": "+ona",
          "short_name": null,
          "describe": "value notation",
          "flag": false,
          "var_name": "plus_ona",
          "value_names": [
            "PATH"
          ],
          "required": false,
          "multi_occurs": false,
          "multi_char": null,
          "terminated": false,
          "prefixed": false,
          "default_value": null,
          "default_fn": null,
          "choice_values": null,
          "choice_fn": null,
          "choice_fn_validate": null
        },
        {
          "long_name": "+onb",
          "short_name": null,
          "describe": "two-args value notations",
          "flag": false,
          "var_name": "plus_onb",
          "value_names": [
            "FILE",
            "FILE"
          ],
          "required": false,
          "multi_occurs": false,
          "multi_char": null,
          "terminated": false,
          "prefixed": false,
          "default_value": null,
          "default_fn": null,
          "choice_values": null,
          "choice_fn": null,
          "choice_fn_validate": null
        },
        {
          "long_name": "+onc",
          "short_name": null,
          "describe": "unlimited-args value notations",
          "flag": false,
          "var_name": "plus_onc",
          "value_names": [
            "CMD",
            "FILE+"
          ],
          "required": false,
          "multi_occurs": false,
          "multi_char": null,
          "terminated": false,
          "prefixed": false,
          "default_value": null,
          "default_fn": null,
          "choice_values": null,
          "choice_fn": null,
          "choice_fn_validate": null
        },
        {
          "long_name": "+oda",
          "short_name": null,
          "describe": "default",
          "flag": false,
          "var_name": "plus_oda",
          "value_names": [
            "ODA"
          ],
          "required": false,
          "multi_occurs": false,
          "multi_char": null,
          "terminated": false,
          "prefixed": false,
          "default_value": "a",
          "default_fn": null,
          "choice_values": null,
          "choice_fn": null,
          "choice_fn_validate": null
        },
        {
          "long_name": "+odb",
          "short_name": null,
          "describe": "default from fn",
          "flag": false,
          "var_name": "plus_odb",
          "value_names": [
            "ODB"
          ],
          "required": false,
          "multi_occurs": false,
          "multi_char": null,
          "terminated": false,
          "prefixed": false,
          "default_value": null,
          "default_fn": "_default_fn",
          "choice_values": null,
          "choice_fn": null,
          "choice_fn_validate": null
        },
        {
          "long_name": "+oca",
          "short_name": null,
          "describe": "choice",
          "flag": false,
          "var_name": "plus_oca",
          "value_names": [
            "OCA"
          ],
          "required": false,
          "multi_occurs": false,
          "multi_char": null,
          "terminated": false,
          "prefixed": false,
          "default_value": null,
          "default_fn": null,
          "choice_values": [
            "a",
            "b"
          ],
          "choice_fn": null,
          "choice_fn_validate": null
        },
        {
          "long_name": "+ocb",
          "short_name": null,
          "describe": "choice + default",
          "flag": false,
          "var_name": "plus_ocb",
          "value_names": [
            "OCB"
          ],
          "required": false,
          "multi_occurs": false,
          "multi_char": null,
          "terminated": false,
          "prefixed": false,
          "default_value": "a",
          "default_fn": null,
          "choice_values": [
            "a",
            "b"
          ],
          "choice_fn": null,
          "choice_fn_validate": null
        },
        {
          "long_name": "+occ",
          "short_name": null,
          "describe": "multi-occurs + choice",
          "flag": false,
          "var_name": "plus_occ",
          "value_names": [
            "OCC"
          ],
          "required": false,
          "multi_occurs": true,
          "multi_char": null,
          "terminated": false,
          "prefixed": false,
          "default_value": null,
          "default_fn": null,
          "choice_values": [
            "a",
            "b"
          ],
          "choice_fn": null,
          "choice_fn_validate": null
        },
        {
          "long_name": "+ocd",
          "short_name": null,
          "describe": "required + multi-occurs + choice",
          "flag": false,
          "var_name": "plus_ocd",
          "value_names": [
            "OCD"
          ],
          "required": true,
          "multi_occurs": true,
          "multi_char": null,
          "terminated": false,
          "prefixed": false,
          "default_value": null,
          "default_fn": null,
          "choice_values": [
            "a",
            "b"
          ],
          "choice_fn": null,
          "choice_fn_validate": null
        },
        {
          "long_name": "+ofa",
          "short_name": null,
          "describe": "choice from fn",
          "flag": false,
          "var_name": "plus_ofa",
          "value_names": [
            "OFA"
          ],
          "required": false,
          "multi_occurs": false,
          "multi_char": null,
          "terminated": false,
          "prefixed": false,
          "default_value": null,
          "default_fn": null,
          "choice_values": null,
          "choice_fn": "_choice_fn",
          "choice_fn_validate": true
        },
        {
          "long_name": "+ofb",
          "short_name": null,
          "describe": "choice from fn + no validation",
          "flag": false,
          "var_name": "plus_ofb",
          "value_names": [
            "OFB"
          ],
          "required": false,
          "multi_occurs": false,
          "multi_char": null,
          "terminated": false,
          "prefixed": false,
          "default_value": null,
          "default_fn": null,
          "choice_values": null,
          "choice_fn": "_choice_fn",
          "choice_fn_validate": false
        },
        {
          "long_name": "+ofc",
          "short_name": null,
          "describe": "multi-occurs + choice from fn",
          "flag": false,
          "var_name": "plus_ofc",
          "value_names": [
            "OFC"
          ],
          "required": false,
          "multi_occurs": true,
          "multi_char": null,
          "terminated": false,
          "prefixed": false,
          "default_value": null,
          "default_fn": null,
          "choice_values": null,
          "choice_fn": "_choice_fn",
          "choice_fn_validate": true
        },
        {
          "long_name": "+ofd",
          "short_name": null,
          "describe": "multi-occurs + choice from fn + comma-separated list",
          "flag": false,
          "var_name": "plus_ofd",
          "value_names": [
            "OFD"
          ],
          "required": false,
          "multi_occurs": true,
          "multi_char": ",",
          "terminated": false,
          "prefixed": false,
          "default_value": null,
          "default_fn": null,
          "choice_values": null,
          "choice_fn": "_choice_fn",
          "choice_fn_validate": true
        },
        {
          "long_name": "+oxa",
          "short_name": null,
          "describe": "capture all remaining args",
          "flag": false,
          "var_name": "plus_oxa",
          "value_names": [
            "OXA~"
          ],
          "required": false,
          "multi_occurs": false,
          "multi_char": null,
          "terminated": true,
          "prefixed": false,
          "default_value": null,
          "default_fn": null,
          "choice_values": null,
          "choice_fn": null,
          "choice_fn_validate": null
        }
      ],
      "positionals": [],
      "envs": [],
      "subcommands": [],
      "root": null
    },
    {
      "name": "flags-plus",
      "describe": "All kind of flags",
      "author": null,
      "version": null,
      "aliases": [],
      "flag_options": [
        {
          "long_name": "+fa",
          "short_name": null,
          "describe": "",
          "flag": true,
          "var_name": "plus_fa",
          "value_names": [],
          "required": false,
          "multi_occurs": false,
          "multi_char": null,
          "terminated": false,
          "prefixed": false,
          "default_value": null,
          "default_fn": null,
          "choice_values": null,
          "choice_fn": null,
          "choice_fn_validate": null
        },
        {
          "long_name": "+fb",
          "short_name": "+b",
          "describe": "short",
          "flag": true,
          "var_name": "plus_fb",
          "value_names": [],
          "required": false,
          "multi_occurs": false,
          "multi_char": null,
          "terminated": false,
          "prefixed": false,
          "default_value": null,
          "default_fn": null,
          "choice_values": null,
          "choice_fn": null,
          "choice_fn_validate": null
        },
        {
          "long_name": "+c",
          "short_name": null,
          "describe": "short only",
          "flag": true,
          "var_name": "plus_c",
          "value_names": [],
          "required": false,
          "multi_occurs": false,
          "multi_char": null,
          "terminated": false,
          "prefixed": false,
          "default_value": null,
          "default_fn": null,
          "choice_values": null,
          "choice_fn": null,
          "choice_fn_validate": null
        },
        {
          "long_name": "+fd",
          "short_name": null,
          "describe": "multi-occurs",
          "flag": true,
          "var_name": "plus_fd",
          "value_names": [],
          "required": false,
          "multi_occurs": true,
          "multi_char": null,
          "terminated": false,
          "prefixed": false,
          "default_value": null,
          "default_fn": null,
          "choice_values": null,
          "choice_fn": null,
          "choice_fn_validate": null
        },
        {
          "long_name": "+fe",
          "short_name": "+e",
          "describe": "short + multi-occurs",
          "flag": true,
          "var_name": "plus_fe",
          "value_names": [],
          "required": false,
          "multi_occurs": true,
          "multi_char": null,
          "terminated": false,
          "prefixed": false,
          "default_value": null,
          "default_fn": null,
          "choice_values": null,
          "choice_fn": null,
          "choice_fn_validate": null
        }
      ],
      "positionals": [],
      "envs": [],
      "subcommands": [],
      "root": null
    },
    {
      "name": "options-mixed",
      "describe": "Mixed `-` and `+` options",
      "author": null,
      "version": null,
      "aliases": [],
      "flag_options": [
        {
          "long_name": "-a",
          "short_name": "+a",
          "describe": "",
          "flag": false,
          "var_name": "a",
          "value_names": [
            "A"
          ],
          "required": false,
          "multi_occurs": false,
          "multi_char": null,
          "terminated": false,
          "prefixed": false,
          "default_value": null,
          "default_fn": null,
          "choice_values": null,
          "choice_fn": null,
          "choice_fn_validate": null
        },
        {
          "long_name": "+b",
          "short_name": "-b",
          "describe": "",
          "flag": false,
          "var_name": "plus_b",
          "value_names": [
            "B"
          ],
          "required": false,
          "multi_occurs": false,
          "multi_char": null,
          "terminated": false,
          "prefixed": false,
          "default_value": null,
          "default_fn": null,
          "choice_values": null,
          "choice_fn": null,
          "choice_fn_validate": null
        },
        {
          "long_name": "--c",
          "short_name": "+c",
          "describe": "",
          "flag": false,
          "var_name": "c",
          "value_names": [
            "C"
          ],
          "required": false,
          "multi_occurs": false,
          "multi_char": null,
          "terminated": false,
          "prefixed": false,
          "default_value": null,
          "default_fn": null,
          "choice_values": null,
          "choice_fn": null,
          "choice_fn_validate": null
        }
      ],
      "positionals": [],
      "envs": [],
      "subcommands": [],
      "root": null
    },
    {
      "name": "options-prefixed",
      "describe": "Prefixed option",
      "author": null,
      "version": null,
      "aliases": [],
      "flag_options": [
        {
          "long_name": "-X",
          "short_name": null,
          "describe": "prefixied + multi-occurs + choice from fn",
          "flag": false,
          "var_name": "X",
          "value_names": [
            "X"
          ],
          "required": false,
          "multi_occurs": true,
          "multi_char": null,
          "terminated": false,
          "prefixed": true,
          "default_value": null,
          "default_fn": null,
          "choice_values": null,
          "choice_fn": "_choice_fn",
          "choice_fn_validate": true
        },
        {
          "long_name": "+X",
          "short_name": null,
          "describe": "prefixied + multi-occurs + choice from fn",
          "flag": false,
          "var_name": "plus_X",
          "value_names": [
            "X"
          ],
          "required": false,
          "multi_occurs": true,
          "multi_char": null,
          "terminated": false,
          "prefixed": true,
          "default_value": null,
          "default_fn": null,
          "choice_values": null,
          "choice_fn": "_choice_fn",
          "choice_fn_validate": true
        }
      ],
      "positionals": [],
      "envs": [],
      "subcommands": [],
      "root": null
    },
    {
      "name": "test1",
      "describe": "",
      "author": null,
      "version": null,
      "aliases": [],
      "flag_options": [
        {
          "long_name": "-a",
          "short_name": null,
          "describe": "",
          "flag": true,
          "var_name": "a",
          "value_names": [],
          "required": false,
          "multi_occurs": false,
          "multi_char": null,
          "terminated": false,
          "prefixed": false,
          "default_value": null,
          "default_fn": null,
          "choice_values": null,
          "choice_fn": null,
          "choice_fn_validate": null
        },
        {
          "long_name": "--fa",
          "short_name": null,
          "describe": "",
          "flag": true,
          "var_name": "fa",
          "value_names": [],
          "required": false,
          "multi_occurs": false,
          "multi_char": null,
          "terminated": false,
          "prefixed": false,
          "default_value": null,
          "default_fn": null,
          "choice_values": null,
          "choice_fn": null,
          "choice_fn_validate": null
        },
        {
          "long_name": "--fb",
          "short_name": "-f",
          "describe": "",
          "flag": true,
          "var_name": "fb",
          "value_names": [],
          "required": false,
          "multi_occurs": true,
          "multi_char": null,
          "terminated": false,
          "prefixed": false,
          "default_value": null,
          "default_fn": null,
          "choice_values": null,
          "choice_fn": null,
          "choice_fn_validate": null
        },
        {
          "long_name": "-sa",
          "short_name": null,
          "describe": "",
          "flag": true,
          "var_name": "sa",
          "value_names": [],
          "required": false,
          "multi_occurs": false,
          "multi_char": null,
          "terminated": false,
          "prefixed": false,
          "default_value": null,
          "default_fn": null,
          "choice_values": null,
          "choice_fn": null,
          "choice_fn_validate": null
        },
        {
          "long_name": "-sb",
          "short_name": null,
          "describe": "",
          "flag": true,
          "var_name": "sb",
          "value_names": [],
          "required": false,
          "multi_occurs": true,
          "multi_char": null,
          "terminated": false,
          "prefixed": false,
          "default_value": null,
          "default_fn": null,
          "choice_values": null,
          "choice_fn": null,
          "choice_fn_validate": null
        },
        {
          "long_name": "-e",
          "short_name": null,
          "describe": "",
          "flag": false,
          "var_name": "e",
          "value_names": [
            "E"
          ],
          "required": false,
          "multi_occurs": false,
          "multi_char": null,
          "terminated": false,
          "prefixed": false,
          "default_value": null,
          "default_fn": null,
          "choice_values": null,
          "choice_fn": null,
          "choice_fn_validate": null
        },
        {
          "long_name": "--oa",
          "short_name": null,
          "describe": "",
          "flag": false,
          "var_name": "oa",
          "value_names": [
            "OA"
          ],
          "required": false,
          "multi_occurs": false,
          "multi_char": null,
          "terminated": false,
          "prefixed": false,
          "default_value": null,
          "default_fn": null,
          "choice_values": null,
          "choice_fn": null,
          "choice_fn_validate": null
        },
        {
          "long_name": "--ob",
          "short_name": null,
          "describe": "",
          "flag": false,
          "var_name": "ob",
          "value_names": [
            "OB"
          ],
          "required": false,
          "multi_occurs": true,
          "multi_char": null,
          "terminated": false,
          "prefixed": false,
          "default_value": null,
          "default_fn": null,
          "choice_values": null,
          "choice_fn": null,
          "choice_fn_validate": null
        },
        {
          "long_name": "--oc",
          "short_name": null,
          "describe": "",
          "flag": false,
          "var_name": "oc",
          "value_names": [
            "DIR"
          ],
          "required": false,
          "multi_occurs": false,
          "multi_char": null,
          "terminated": false,
          "prefixed": false,
          "default_value": null,
          "default_fn": null,
          "choice_values": null,
          "choice_fn": null,
          "choice_fn_validate": null
        },
        {
          "long_name": "--od",
          "short_name": "-o",
          "describe": "",
          "flag": false,
          "var_name": "od",
          "value_names": [
            "FILE",
            "FILE"
          ],
          "required": false,
          "multi_occurs": false,
          "multi_char": null,
          "terminated": false,
          "prefixed": false,
          "default_value": null,
          "default_fn": null,
          "choice_values": null,
          "choice_fn": null,
          "choice_fn_validate": null
        },
        {
          "long_name": "--oe",
          "short_name": null,
          "describe": "",
          "flag": false,
          "var_name": "oe",
          "value_names": [
            "OE"
          ],
          "required": false,
          "multi_occurs": true,
          "multi_char": ",",
          "terminated": false,
          "prefixed": false,
          "default_value": null,
          "default_fn": null,
          "choice_values": null,
          "choice_fn": null,
          "choice_fn_validate": null
        },
        {
          "long_name": "--ca",
          "short_name": null,
          "describe": "",
          "flag": false,
          "var_name": "ca",
          "value_names": [
            "CA"
          ],
          "required": false,
          "multi_occurs": false,
          "multi_char": null,
          "terminated": false,
          "prefixed": false,
          "default_value": null,
          "default_fn": null,
          "choice_values": [
            "x",
            "y",
            "z"
          ],
          "choice_fn": null,
          "choice_fn_validate": null
        },
        {
          "long_name": "--cc",
          "short_name": null,
          "describe": "",
          "flag": false,
          "var_name": "cc",
          "value_names": [
            "CC"
          ],
          "required": false,
          "multi_occurs": false,
          "multi_char": null,
          "terminated": false,
          "prefixed": false,
          "default_value": null,
          "default_fn": null,
          "choice_values": null,
          "choice_fn": "_choice_fn",
          "choice_fn_validate": true
        },
        {
          "long_name": "--cd",
          "short_name": null,
          "describe": "",
          "flag": false,
          "var_name": "cd",
          "value_names": [
            "CD"
          ],
          "required": false,
          "multi_occurs": false,
          "multi_char": null,
          "terminated": false,
          "prefixed": false,
          "default_value": null,
          "default_fn": null,
          "choice_values": null,
          "choice_fn": "_choice_fn",
          "choice_fn_validate": false
        },
        {
          "long_name": "--ce",
          "short_name": null,
          "describe": "",
          "flag": false,
          "var_name": "ce",
          "value_names": [
            "CE"
          ],
          "required": false,
          "multi_occurs": true,
          "multi_char": null,
          "terminated": false,
          "prefixed": false,
          "default_value": null,
          "default_fn": null,
          "choice_values": null,
          "choice_fn": "_choice_fn",
          "choice_fn_validate": true
        },
        {
          "long_name": "-soa",
          "short_name": "-s",
          "describe": "",
          "flag": false,
          "var_name": "soa",
          "value_names": [
            "SOA"
          ],
          "required": false,
          "multi_occurs": false,
          "multi_char": null,
          "terminated": false,
          "prefixed": false,
          "default_value": null,
          "default_fn": null,
          "choice_values": null,
          "choice_fn": null,
          "choice_fn_validate": null
        }
      ],
      "positionals": [],
      "envs": [],
      "subcommands": [],
      "root": null
    },
    {
      "name": "test2",
      "describe": "",
      "author": null,
      "version": null,
      "aliases": [],
      "flag_options": [
        {
          "long_name": "--oa",
          "short_name": "-a",
          "describe": "",
          "flag": false,
          "var_name": "oa",
          "value_names": [
            "OA"
          ],
          "required": true,
          "multi_occurs": false,
          "multi_char": null,
          "terminated": false,
          "prefixed": false,
          "default_value": null,
          "default_fn": null,
          "choice_values": null,
          "choice_fn": null,
          "choice_fn_validate": null
        },
        {
          "long_name": "--ob",
          "short_name": null,
          "describe": "",
          "flag": false,
          "var_name": "ob",
          "value_names": [
            "OB"
          ],
          "required": true,
          "multi_occurs": true,
          "multi_char": null,
          "terminated": false,
          "prefixed": false,
          "default_value": null,
          "default_fn": null,
          "choice_values": null,
          "choice_fn": null,
          "choice_fn_validate": null
        },
        {
          "long_name": "--oc",
          "short_name": null,
          "describe": "",
          "flag": false,
          "var_name": "oc",
          "value_names": [
            "OC"
          ],
          "required": true,
          "multi_occurs": true,
          "multi_char": ",",
          "terminated": false,
          "prefixed": false,
          "default_value": null,
          "default_fn": null,
          "choice_values": null,
          "choice_fn": null,
          "choice_fn_validate": null
        },
        {
          "long_name": "--oca",
          "short_name": null,
          "describe": "",
          "flag": false,
          "var_name": "oca",
          "value_names": [
            "OCA"
          ],
          "required": true,
          "multi_occurs": false,
          "multi_char": null,
          "terminated": false,
          "prefixed": false,
          "default_value": null,
          "default_fn": null,
          "choice_values": null,
          "choice_fn": "_choice_fn",
          "choice_fn_validate": true
        },
        {
          "long_name": "--ocb",
          "short_name": null,
          "describe": "",
          "flag": false,
          "var_name": "ocb",
          "value_names": [
            "OCB"
          ],
          "required": true,
          "multi_occurs": true,
          "multi_char": null,
          "terminated": false,
          "prefixed": false,
          "default_value": null,
          "default_fn": null,
          "choice_values": null,
          "choice_fn": "_choice_fn",
          "choice_fn_validate": true
        },
        {
          "long_name": "--occ",
          "short_name": null,
          "describe": "",
          "flag": false,
          "var_name": "occ",
          "value_names": [
            "OCC"
          ],
          "required": true,
          "multi_occurs": true,
          "multi_char": ",",
          "terminated": false,
          "prefixed": false,
          "default_value": null,
          "default_fn": null,
          "choice_values": null,
          "choice_fn": "_choice_fn",
          "choice_fn_validate": true
        }
      ],
      "positionals": [],
      "envs": [],
      "subcommands": [],
      "root": null
    },
    {
      "name": "test3",
      "describe": "",
      "author": null,
      "version": null,
      "aliases": [],
      "flag_options": [
        {
          "long_name": "--oe",
          "short_name": null,
          "describe": "",
          "flag": false,
          "var_name": "oe",
          "value_names": [
            "OE"
          ],
          "required": false,
          "multi_occurs": false,
          "multi_char": null,
          "terminated": false,
          "prefixed": false,
          "default_value": "val",
          "default_fn": null,
          "choice_values": null,
          "choice_fn": null,
          "choice_fn_validate": null
        },
        {
          "long_name": "--of",
          "short_name": null,
          "describe": "",
          "flag": false,
          "var_name": "of",
          "value_names": [
            "OF"
          ],
          "required": false,
          "multi_occurs": false,
          "multi_char": null,
          "terminated": false,
          "prefixed": false,
          "default_value": null,
          "default_fn": "_default_fn",
          "choice_values": null,
          "choice_fn": null,
          "choice_fn_validate": null
        },
        {
          "long_name": "--cb",
          "short_name": null,
          "describe": "",
          "flag": false,
          "var_name": "cb",
          "value_names": [
            "CB"
          ],
          "required": false,
          "multi_occurs": false,
          "multi_char": null,
          "terminated": false,
          "prefixed": false,
          "default_value": "x",
          "default_fn": null,
          "choice_values": [
            "x",
            "y",
            "z"
          ],
          "choice_fn": null,
          "choice_fn_validate": null
        }
      ],
      "positionals": [],
      "envs": [],
      "subcommands": [],
      "root": null
    }
  ],
  "root": {
    "dotenv": null,
    "before_hook": false,
    "after_hook": false
  }
}
