---
source: tests/compgen.rs
expression: data
---
************ COMPGEN `prog ` ************
__argc_value:FILE	/kind:value
cmd	/kind:command

************ COMPGEN `prog cmd` ************
cmd	/kind:command

************ COMPGEN `prog cmd ` ************
suba	/kind:command
subb	/kind:command

************ COMPGEN `prog cmd s` ************
suba	/kind:command
subb	/kind:command

************ COMPGEN `prog cmd suba` ************
suba	/kind:command

************ COMPGEN `prog cmd suba ` ************
__argc_value:file	/kind:value

************ COMPGEN `prog cmd help ` ************
suba	/kind:command
subb	/kind:command

************ COMPGEN `prog cmd help s` ************
suba	/kind:command
subb	/kind:command


