---
source: tests/compgen.rs
expression: data
---
************ COMPGEN `prog ` ************
__argc_value:FILE	/kind:value
cmda	/kind:command
cmdb	/kind:command

************ COMPGEN `prog c` ************
__argc_value:FILE	/kind:value
cmda	/kind:command
cmdb	/kind:command

************ COMPGEN `prog cmda` ************
cmda	/kind:command

************ COMPGEN `prog cmda ` ************
__argc_value:file	/kind:value

************ COMPGEN `prog help ` ************
cmda	/kind:command
cmdb	/kind:command

************ COMPGEN `prog help c` ************
cmda	/kind:command
cmdb	/kind:command

************ COMPGEN `prog help cmda ` ************



