---
source: tests/spec_test.rs
assertion_line: 178
expression: output
---
RUN
spec cmd_positional_with_choices_and_required

STDOUT


STDERR
error: The following required arguments were not provided:
    <ARG>

USAGE:
    spec cmd_positional_with_choices_and_required <ARG>

For more information try --help


