---
source: tests/compgen.rs
expression: data
---
************ COMPGEN `prog ` ************
-a
--fb
-b
--fc
-f
-sa
-e
--oa
-p

************ COMPGEN `prog -` ************
-a
--fb
-b
--fc
-f
-sa
-e
--oa
-p

************ COMPGEN `prog --` ************
--fb
--fc
--oa

************ COMPGEN `prog -a` ************
-ab
-af
-ae
-ap

************ COMPGEN `prog -a ` ************
--fb
-b
--fc
-f
-sa
-e
--oa
-p

************ COMPGEN `prog -af` ************
-afb
-aff
-afe
-afp

************ COMPGEN `prog -af ` ************
--fb
-b
--fc
-f
-sa
-e
--oa
-p

************ COMPGEN `prog -ae` ************


************ COMPGEN `prog -ae ` ************
__argc_value:file

************ COMPGEN `prog -abe` ************


************ COMPGEN `prog -abe ` ************
__argc_value:file

************ COMPGEN `prog -s` ************
-sa

************ COMPGEN `prog -sa` ************


************ COMPGEN `prog -sa ` ************
-a
--fb
-b
--fc
-f
-e
--oa
-p


