---
source: tests/spec_test.rs
expression: output
---
RUN
spec cmd_positional_with_choices_and_required

OUTPUT
cat >&2 <<-'EOF' 
error: the following required arguments were not provided:
  <ARG>

USAGE: spec cmd_positional_with_choices_and_required <ARG>

For more information, try '--help'.

EOF
exit 1

