---
source: tests/compgen.rs
expression: data
---
************ COMPGEN Bash `prog v='` ************
foo
bar

************ COMPGEN Elvish `prog v='` ************
v='foo	0	foo		green
v='bar	0	bar		green

************ COMPGEN Fish `prog v='` ************
v='foo
v='bar

************ COMPGEN Nushell `prog v='` ************
v='foo
v='bar

************ COMPGEN Powershell `prog v='` ************
v='foo	0	foo		32
v='bar	0	bar		32

************ COMPGEN Xonsh `prog v='` ************
v='foo	0	foo	
v='bar	0	bar	

************ COMPGEN Zsh `prog v='` ************
v=foo	foo	foo	32
v=bar	bar	bar	32


