---
source: tests/spec.rs
expression: data
---
************ RUN ************
prog cmda v1 v2

OUTPUT
argc__args=( prog cmda v1 v2 )
argc__cmd_arg_index=1
argc__fn=cmda
argc__positionals=( v1 v2 )
cmda v1 v2

************ RUN ************
prog cmda --o1 -o2 -3

OUTPUT
argc__args=( prog cmda --o1 -o2 -3 )
argc__cmd_arg_index=1
argc__fn=cmda
argc__positionals=( --o1 -o2 -3 )
cmda --o1 -o2 -3


