---
source: tests/spec.rs
expression: data
---
************ RUN ************
prog --oa -

# OUTPUT
command cat >&2 <<-'EOF' 
error: incorrect number of values for `--oa <OA>`
EOF
exit 1

# RUN_OUTPUT
error: incorrect number of values for `--oa <OA>`

************ RUN ************
prog --oa - 

# OUTPUT
argc_oa=-
argc__args=( prog --oa - '' )
argc__positionals=( '' )

# RUN_OUTPUT
argc__args=([0]="prog" [1]="--oa" [2]="-" [3]="")
argc__positionals=([0]="")
argc_oa=-
