---
source: tests/spec_test.rs
assertion_line: 13
expression: output
---
RUN
spec cmd_omitted -h

STDOUT


STDERR
spec-cmd_omitted 
Omitted

USAGE:
    spec cmd_omitted [OPTIONS] [ARG1]

ARGS:
    <ARG1>    

OPTIONS:
        --flag1          
    -h, --help           Print help information
        --opt1 <OPT1>    


