---
source: tests/param_fn.rs
expression: data
---
************ RUN ************
prog ___internal___ _choice_fn

OUTPUT
argc__args=( prog )
argc__index=0
argc__positionals=(  )
_choice_fn;exit;

************ RUN ************
prog ___internal___ _choice_fn prog cmda --cc 

OUTPUT
argc_cc=''
argc__args=( prog cmda --cc '' )
argc__index=1
argc__cmd_fn=cmda
argc__positionals=(  )
_choice_fn;exit;

************ RUN ************
prog ___internal___ _choice_fn prog cmda -a --oa oa --cc 

OUTPUT
argc_a=1
argc_oa=oa
argc_cc=''
argc__args=( prog cmda -a --oa oa --cc '' )
argc__index=1
argc__cmd_fn=cmda
argc__positionals=(  )
_choice_fn;exit;


