---
source: tests/validate.rs
expression: data
---
************ RUN ************
prog --version

OUTPUT
command cat >&2 <<-'EOF' 
prog 0.0.0
EOF
exit 0

************ RUN ************
prog cmd --version

OUTPUT
command cat >&2 <<-'EOF' 
error: unexpected argument `--version` found

USAGE: prog cmd

For more information, try '--help'.

EOF
exit 1


