---
source: tests/compgen.rs
expression: data
---
************ COMPGEN Bash `prog --oa=` ************
abc:

************ COMPGEN Elvish `prog --oa=` ************
--oa=abc:def:xyz	1	abc:def:xyz	
--oa=abc:def:tsr	1	abc:def:tsr	
--oa=abc:ijk:abc	1	abc:ijk:abc	
--oa=abc:ijk:xyz	1	abc:ijk:xyz	

************ COMPGEN Fish `prog --oa=` ************
--oa=abc:def:xyz
--oa=abc:def:tsr
--oa=abc:ijk:abc
--oa=abc:ijk:xyz

************ COMPGEN Nushell `prog --oa=` ************
--oa=abc:def:xyz 
--oa=abc:def:tsr 
--oa=abc:ijk:abc 
--oa=abc:ijk:xyz 

************ COMPGEN Powershell `prog --oa=` ************
--oa=abc:def:xyz	1	abc:def:xyz	
--oa=abc:def:tsr	1	abc:def:tsr	
--oa=abc:ijk:abc	1	abc:ijk:abc	
--oa=abc:ijk:xyz	1	abc:ijk:xyz	

************ COMPGEN Xonsh `prog --oa=` ************
--oa=abc:def:xyz	1	abc:def:xyz	
--oa=abc:def:tsr	1	abc:def:tsr	
--oa=abc:ijk:abc	1	abc:ijk:abc	
--oa=abc:ijk:xyz	1	abc:ijk:xyz	

************ COMPGEN Zsh `prog --oa=` ************
--oa=abc\:def\:xyz 	abc\:def\:xyz
--oa=abc\:def\:tsr 	abc\:def\:tsr
--oa=abc\:ijk\:abc 	abc\:ijk\:abc
--oa=abc\:ijk\:xyz 	abc\:ijk\:xyz


