---
source: tests/compgen.rs
expression: data
---
************ COMPGEN `prog --ob=` ************
__argc_value:FILE	/kind:value

************ COMPGEN `prog --oa --ob=` ************
__argc_filter:	/kind:value
ok	/kind:value

************ COMPGEN `prog abc --ob=` ************
__argc_filter:	/kind:value
ok	/kind:value


