---
source: tests/compgen.rs
expression: data
---
************ COMPGEN Bash `prog --oa=` ************
abc:

************ COMPGEN Elvish `prog --oa=` ************
--oa=abc:def:xyz	1	abc:def:xyz		green
--oa=abc:def:tsr	1	abc:def:tsr		green
--oa=abc:ijk:abc	1	abc:ijk:abc		green
--oa=abc:ijk:xyz	1	abc:ijk:xyz		green

************ COMPGEN Fish `prog --oa=` ************
--oa=abc:def:xyz
--oa=abc:def:tsr
--oa=abc:ijk:abc
--oa=abc:ijk:xyz

************ COMPGEN Nushell `prog --oa=` ************
--oa=abc:def:xyz 
--oa=abc:def:tsr 
--oa=abc:ijk:abc 
--oa=abc:ijk:xyz 

************ COMPGEN Powershell `prog --oa=` ************
--oa=abc:def:xyz	1	abc:def:xyz		32
--oa=abc:def:tsr	1	abc:def:tsr		32
--oa=abc:ijk:abc	1	abc:ijk:abc		32
--oa=abc:ijk:xyz	1	abc:ijk:xyz		32

************ COMPGEN Xonsh `prog --oa=` ************
--oa=abc:def:xyz	1	abc:def:xyz	
--oa=abc:def:tsr	1	abc:def:tsr	
--oa=abc:ijk:abc	1	abc:ijk:abc	
--oa=abc:ijk:xyz	1	abc:ijk:xyz	

************ COMPGEN Zsh `prog --oa=` ************
--oa=abc\:def\:xyz 	abc\:def\:xyz	abc:def:xyz	32
--oa=abc\:def\:tsr 	abc\:def\:tsr	abc:def:tsr	32
--oa=abc\:ijk\:abc 	abc\:ijk\:abc	abc:ijk:abc	32
--oa=abc\:ijk\:xyz 	abc\:ijk\:xyz	abc:ijk:xyz	32


