---
source: tests/spec_test.rs
expression: output
---
RUN
spec cmd_positional_with_choices_and_required -h

OUTPUT
cat >&2 <<-'EOF' 
Positional with choices and required

USAGE: spec cmd_positional_with_choices_and_required <ARG>

ARGS:
  <ARG>  A arg with choices and required [possible values: a, b]

EOF
exit 0

