---
source: tests/misc.rs
expression: data
---
RUN
prog cmda $foo `pwd` $(pwd) ' \1  
 世界  

OUTPUT
argc__args=( prog cmda '$foo' '`pwd`' '$(pwd)' ''\''' '\1' '' '
' 世界 ' ' )
argc__index=1
argc__fn=cmda
argc__positionals=( '$foo' '`pwd`' '$(pwd)' ''\''' '\1' '' '
' 世界 ' ' )
cmda '$foo' '`pwd`' '$(pwd)' ''\''' '\1' '' '
' 世界 ' '

