---
source: tests/validate.rs
expression: data
---
RUN
prog cmdb

OUTPUT
cat >&2 <<-'EOF' 
error: the following required arguments were not provided:
  --oa <OA>
  --ob <OB>...
  --oc <OC>...
  --oca <OCA>
  --ocb <OCB>...
  --occ <OCC>...

USAGE: prog cmdb --oa <OA> --ob <OB>... --oc <OC>... --oca <OCA> --ocb <OCB>... --occ <OCC>...

For more information, try '--help'.

EOF
exit 1

