---
source: tests/spec.rs
expression: data
---
************ RUN ************
prog cmda -af

OUTPUT
argc_a=1
argc_fb=1
argc__positionals=(  )
argc__fn=cmda
cmda

************ RUN ************
prog cmda -ae e

OUTPUT
argc_a=1
argc_e=e
argc__positionals=(  )
argc__fn=cmda
cmda

************ RUN ************
prog cmda -afe e

OUTPUT
argc_a=1
argc_fb=1
argc_e=e
argc__positionals=(  )
argc__fn=cmda
cmda

************ RUN ************
prog cmda -ao v1 v2

OUTPUT
argc_a=1
argc_od=( v1 v2 )
argc__positionals=(  )
argc__fn=cmda
cmda


