---
source: tests/cli.rs
expression: stdout
---
{
  "name": "options",
  "describe": "All kinds of @option and @flag",
  "author": null,
  "version": null,
  "aliases": [],
  "flag_options": [
    {
      "id": "help",
      "long_name": "--help",
      "short_name": "-h",
      "describe": "",
      "is_flag": true,
      "notations": [],
      "required": false,
      "multiple_values": false,
      "multiple_occurs": false,
      "args_range": [
        0,
        0
      ],
      "args_delimiter": null,
      "terminated": false,
      "prefixed": false,
      "assigned": false,
      "default": null,
      "choice": null,
      "env": null,
      "inherit": false
    },
    {
      "id": "version",
      "long_name": "--version",
      "short_name": "-V",
      "describe": "",
      "is_flag": true,
      "notations": [],
      "required": false,
      "multiple_values": false,
      "multiple_occurs": false,
      "args_range": [
        0,
        0
      ],
      "args_delimiter": null,
      "terminated": false,
      "prefixed": false,
      "assigned": false,
      "default": null,
      "choice": null,
      "env": null,
      "inherit": false
    }
  ],
  "positionals": [],
  "envs": [],
  "subcommands": [
    {
      "name": "options",
      "describe": "All kind of options",
      "author": null,
      "version": null,
      "aliases": [],
      "flag_options": [
        {
          "id": "oa",
          "long_name": "--oa",
          "short_name": null,
          "describe": "",
          "is_flag": false,
          "notations": [
            "OA"
          ],
          "required": false,
          "multiple_values": false,
          "multiple_occurs": false,
          "args_range": [
            1,
            1
          ],
          "args_delimiter": null,
          "terminated": false,
          "prefixed": false,
          "assigned": false,
          "default": null,
          "choice": null,
          "env": null,
          "inherit": false
        },
        {
          "id": "ob",
          "long_name": "--ob",
          "short_name": "-b",
          "describe": "short",
          "is_flag": false,
          "notations": [
            "OB"
          ],
          "required": false,
          "multiple_values": false,
          "multiple_occurs": false,
          "args_range": [
            1,
            1
          ],
          "args_delimiter": null,
          "terminated": false,
          "prefixed": false,
          "assigned": false,
          "default": null,
          "choice": null,
          "env": null,
          "inherit": false
        },
        {
          "id": "c",
          "long_name": "-c",
          "short_name": null,
          "describe": "short only",
          "is_flag": false,
          "notations": [
            "C"
          ],
          "required": false,
          "multiple_values": false,
          "multiple_occurs": false,
          "args_range": [
            1,
            1
          ],
          "args_delimiter": null,
          "terminated": false,
          "prefixed": false,
          "assigned": false,
          "default": null,
          "choice": null,
          "env": null,
          "inherit": false
        },
        {
          "id": "oc",
          "long_name": "--oc",
          "short_name": null,
          "describe": "required",
          "is_flag": false,
          "notations": [
            "OC"
          ],
          "required": true,
          "multiple_values": false,
          "multiple_occurs": false,
          "args_range": [
            1,
            1
          ],
          "args_delimiter": null,
          "terminated": false,
          "prefixed": false,
          "assigned": false,
          "default": null,
          "choice": null,
          "env": null,
          "inherit": false
        },
        {
          "id": "od",
          "long_name": "--od",
          "short_name": null,
          "describe": "multi-occurs",
          "is_flag": false,
          "notations": [
            "OD"
          ],
          "required": false,
          "multiple_values": true,
          "multiple_occurs": true,
          "args_range": [
            1,
            1
          ],
          "args_delimiter": null,
          "terminated": false,
          "prefixed": false,
          "assigned": false,
          "default": null,
          "choice": null,
          "env": null,
          "inherit": false
        },
        {
          "id": "oe",
          "long_name": "--oe",
          "short_name": null,
          "describe": "required + multi-occurs",
          "is_flag": false,
          "notations": [
            "OE"
          ],
          "required": true,
          "multiple_values": true,
          "multiple_occurs": true,
          "args_range": [
            1,
            1
          ],
          "args_delimiter": null,
          "terminated": false,
          "prefixed": false,
          "assigned": false,
          "default": null,
          "choice": null,
          "env": null,
          "inherit": false
        },
        {
          "id": "of",
          "long_name": "--of",
          "short_name": null,
          "describe": "multi-occurs + comma-separated list",
          "is_flag": false,
          "notations": [
            "OF"
          ],
          "required": false,
          "multiple_values": true,
          "multiple_occurs": true,
          "args_range": [
            1,
            1
          ],
          "args_delimiter": ",",
          "terminated": false,
          "prefixed": false,
          "assigned": false,
          "default": null,
          "choice": null,
          "env": null,
          "inherit": false
        },
        {
          "id": "ona",
          "long_name": "--ona",
          "short_name": null,
          "describe": "value notation",
          "is_flag": false,
          "notations": [
            "PATH"
          ],
          "required": false,
          "multiple_values": false,
          "multiple_occurs": false,
          "args_range": [
            1,
            1
          ],
          "args_delimiter": null,
          "terminated": false,
          "prefixed": false,
          "assigned": false,
          "default": null,
          "choice": null,
          "env": null,
          "inherit": false
        },
        {
          "id": "onb",
          "long_name": "--onb",
          "short_name": null,
          "describe": "two-args value notations",
          "is_flag": false,
          "notations": [
            "FILE",
            "FILE"
          ],
          "required": false,
          "multiple_values": true,
          "multiple_occurs": false,
          "args_range": [
            2,
            2
          ],
          "args_delimiter": null,
          "terminated": false,
          "prefixed": false,
          "assigned": false,
          "default": null,
          "choice": null,
          "env": null,
          "inherit": false
        },
        {
          "id": "onc",
          "long_name": "--onc",
          "short_name": null,
          "describe": "unlimited-args value notations",
          "is_flag": false,
          "notations": [
            "CMD",
            "FILE+"
          ],
          "required": false,
          "multiple_values": true,
          "multiple_occurs": false,
          "args_range": [
            2,
            999999
          ],
          "args_delimiter": null,
          "terminated": false,
          "prefixed": false,
          "assigned": false,
          "default": null,
          "choice": null,
          "env": null,
          "inherit": false
        },
        {
          "id": "oda",
          "long_name": "--oda",
          "short_name": null,
          "describe": "default",
          "is_flag": false,
          "notations": [
            "ODA"
          ],
          "required": false,
          "multiple_values": false,
          "multiple_occurs": false,
          "args_range": [
            1,
            1
          ],
          "args_delimiter": null,
          "terminated": false,
          "prefixed": false,
          "assigned": false,
          "default": {
            "type": "Value",
            "value": "a"
          },
          "choice": null,
          "env": null,
          "inherit": false
        },
        {
          "id": "odb",
          "long_name": "--odb",
          "short_name": null,
          "describe": "default from fn",
          "is_flag": false,
          "notations": [
            "ODB"
          ],
          "required": false,
          "multiple_values": false,
          "multiple_occurs": false,
          "args_range": [
            1,
            1
          ],
          "args_delimiter": null,
          "terminated": false,
          "prefixed": false,
          "assigned": false,
          "default": {
            "type": "Fn",
            "value": "_default_fn"
          },
          "choice": null,
          "env": null,
          "inherit": false
        },
        {
          "id": "oca",
          "long_name": "--oca",
          "short_name": null,
          "describe": "choice",
          "is_flag": false,
          "notations": [
            "OCA"
          ],
          "required": false,
          "multiple_values": false,
          "multiple_occurs": false,
          "args_range": [
            1,
            1
          ],
          "args_delimiter": null,
          "terminated": false,
          "prefixed": false,
          "assigned": false,
          "default": null,
          "choice": {
            "type": "Values",
            "data": [
              "a",
              "b"
            ]
          },
          "env": null,
          "inherit": false
        },
        {
          "id": "ocb",
          "long_name": "--ocb",
          "short_name": null,
          "describe": "choice + default",
          "is_flag": false,
          "notations": [
            "OCB"
          ],
          "required": false,
          "multiple_values": false,
          "multiple_occurs": false,
          "args_range": [
            1,
            1
          ],
          "args_delimiter": null,
          "terminated": false,
          "prefixed": false,
          "assigned": false,
          "default": {
            "type": "Value",
            "value": "a"
          },
          "choice": {
            "type": "Values",
            "data": [
              "a",
              "b"
            ]
          },
          "env": null,
          "inherit": false
        },
        {
          "id": "occ",
          "long_name": "--occ",
          "short_name": null,
          "describe": "multi-occurs + choice",
          "is_flag": false,
          "notations": [
            "OCC"
          ],
          "required": false,
          "multiple_values": true,
          "multiple_occurs": true,
          "args_range": [
            1,
            1
          ],
          "args_delimiter": null,
          "terminated": false,
          "prefixed": false,
          "assigned": false,
          "default": null,
          "choice": {
            "type": "Values",
            "data": [
              "a",
              "b"
            ]
          },
          "env": null,
          "inherit": false
        },
        {
          "id": "ofa",
          "long_name": "--ofa",
          "short_name": null,
          "describe": "choice from fn",
          "is_flag": false,
          "notations": [
            "OFA"
          ],
          "required": false,
          "multiple_values": false,
          "multiple_occurs": false,
          "args_range": [
            1,
            1
          ],
          "args_delimiter": null,
          "terminated": false,
          "prefixed": false,
          "assigned": false,
          "default": null,
          "choice": {
            "type": "Fn",
            "data": [
              "_choice_fn",
              true
            ]
          },
          "env": null,
          "inherit": false
        },
        {
          "id": "ofb",
          "long_name": "--ofb",
          "short_name": null,
          "describe": "choice from fn + no validation",
          "is_flag": false,
          "notations": [
            "OFB"
          ],
          "required": false,
          "multiple_values": false,
          "multiple_occurs": false,
          "args_range": [
            1,
            1
          ],
          "args_delimiter": null,
          "terminated": false,
          "prefixed": false,
          "assigned": false,
          "default": null,
          "choice": {
            "type": "Fn",
            "data": [
              "_choice_fn",
              false
            ]
          },
          "env": null,
          "inherit": false
        },
        {
          "id": "ofc",
          "long_name": "--ofc",
          "short_name": null,
          "describe": "multi-occurs + choice from fn",
          "is_flag": false,
          "notations": [
            "OFC"
          ],
          "required": false,
          "multiple_values": true,
          "multiple_occurs": true,
          "args_range": [
            1,
            1
          ],
          "args_delimiter": null,
          "terminated": false,
          "prefixed": false,
          "assigned": false,
          "default": null,
          "choice": {
            "type": "Fn",
            "data": [
              "_choice_fn",
              true
            ]
          },
          "env": null,
          "inherit": false
        },
        {
          "id": "ofd",
          "long_name": "--ofd",
          "short_name": null,
          "describe": "multi-occurs + choice from fn + comma-separated list",
          "is_flag": false,
          "notations": [
            "OFD"
          ],
          "required": false,
          "multiple_values": true,
          "multiple_occurs": true,
          "args_range": [
            1,
            1
          ],
          "args_delimiter": ",",
          "terminated": false,
          "prefixed": false,
          "assigned": false,
          "default": null,
          "choice": {
            "type": "Fn",
            "data": [
              "_choice_fn",
              true
            ]
          },
          "env": null,
          "inherit": false
        },
        {
          "id": "oxa",
          "long_name": "--oxa",
          "short_name": null,
          "describe": "capture all remaining args",
          "is_flag": false,
          "notations": [
            "OXA~"
          ],
          "required": false,
          "multiple_values": true,
          "multiple_occurs": false,
          "args_range": [
            1,
            999999
          ],
          "args_delimiter": null,
          "terminated": true,
          "prefixed": false,
          "assigned": false,
          "default": null,
          "choice": null,
          "env": null,
          "inherit": false
        },
        {
          "id": "help",
          "long_name": "-help",
          "short_name": "-h",
          "describe": "Print help",
          "is_flag": true,
          "notations": [],
          "required": false,
          "multiple_values": false,
          "multiple_occurs": false,
          "args_range": [
            0,
            0
          ],
          "args_delimiter": null,
          "terminated": false,
          "prefixed": false,
          "assigned": false,
          "default": null,
          "choice": null,
          "env": null,
          "inherit": false
        }
      ],
      "positionals": [],
      "envs": [],
      "subcommands": [],
      "paths": [
        "options"
      ],
      "command_fn": "options"
    },
    {
      "name": "flags",
      "describe": "All kind of flags",
      "author": null,
      "version": null,
      "aliases": [],
      "flag_options": [
        {
          "id": "fa",
          "long_name": "--fa",
          "short_name": null,
          "describe": "",
          "is_flag": true,
          "notations": [],
          "required": false,
          "multiple_values": false,
          "multiple_occurs": false,
          "args_range": [
            0,
            0
          ],
          "args_delimiter": null,
          "terminated": false,
          "prefixed": false,
          "assigned": false,
          "default": null,
          "choice": null,
          "env": null,
          "inherit": false
        },
        {
          "id": "fb",
          "long_name": "--fb",
          "short_name": "-b",
          "describe": "short",
          "is_flag": true,
          "notations": [],
          "required": false,
          "multiple_values": false,
          "multiple_occurs": false,
          "args_range": [
            0,
            0
          ],
          "args_delimiter": null,
          "terminated": false,
          "prefixed": false,
          "assigned": false,
          "default": null,
          "choice": null,
          "env": null,
          "inherit": false
        },
        {
          "id": "c",
          "long_name": "-c",
          "short_name": null,
          "describe": "short only",
          "is_flag": true,
          "notations": [],
          "required": false,
          "multiple_values": false,
          "multiple_occurs": false,
          "args_range": [
            0,
            0
          ],
          "args_delimiter": null,
          "terminated": false,
          "prefixed": false,
          "assigned": false,
          "default": null,
          "choice": null,
          "env": null,
          "inherit": false
        },
        {
          "id": "fd",
          "long_name": "--fd",
          "short_name": null,
          "describe": "multi-occurs",
          "is_flag": true,
          "notations": [],
          "required": false,
          "multiple_values": true,
          "multiple_occurs": true,
          "args_range": [
            0,
            0
          ],
          "args_delimiter": null,
          "terminated": false,
          "prefixed": false,
          "assigned": false,
          "default": null,
          "choice": null,
          "env": null,
          "inherit": false
        },
        {
          "id": "fe",
          "long_name": "--fe",
          "short_name": "-e",
          "describe": "short + multi-occurs",
          "is_flag": true,
          "notations": [],
          "required": false,
          "multiple_values": true,
          "multiple_occurs": true,
          "args_range": [
            0,
            0
          ],
          "args_delimiter": null,
          "terminated": false,
          "prefixed": false,
          "assigned": false,
          "default": null,
          "choice": null,
          "env": null,
          "inherit": false
        },
        {
          "id": "help",
          "long_name": "-help",
          "short_name": "-h",
          "describe": "Print help",
          "is_flag": true,
          "notations": [],
          "required": false,
          "multiple_values": false,
          "multiple_occurs": false,
          "args_range": [
            0,
            0
          ],
          "args_delimiter": null,
          "terminated": false,
          "prefixed": false,
          "assigned": false,
          "default": null,
          "choice": null,
          "env": null,
          "inherit": false
        }
      ],
      "positionals": [],
      "envs": [],
      "subcommands": [],
      "paths": [
        "flags"
      ],
      "command_fn": "flags"
    },
    {
      "name": "options-one-hyphen",
      "describe": "Flags or options with single hyphen",
      "author": null,
      "version": null,
      "aliases": [],
      "flag_options": [
        {
          "id": "fa",
          "long_name": "-fa",
          "short_name": null,
          "describe": "",
          "is_flag": true,
          "notations": [],
          "required": false,
          "multiple_values": false,
          "multiple_occurs": false,
          "args_range": [
            0,
            0
          ],
          "args_delimiter": null,
          "terminated": false,
          "prefixed": false,
          "assigned": false,
          "default": null,
          "choice": null,
          "env": null,
          "inherit": false
        },
        {
          "id": "fb",
          "long_name": "-fb",
          "short_name": "-b",
          "describe": "",
          "is_flag": true,
          "notations": [],
          "required": false,
          "multiple_values": false,
          "multiple_occurs": false,
          "args_range": [
            0,
            0
          ],
          "args_delimiter": null,
          "terminated": false,
          "prefixed": false,
          "assigned": false,
          "default": null,
          "choice": null,
          "env": null,
          "inherit": false
        },
        {
          "id": "fd",
          "long_name": "-fd",
          "short_name": null,
          "describe": "",
          "is_flag": true,
          "notations": [],
          "required": false,
          "multiple_values": true,
          "multiple_occurs": true,
          "args_range": [
            0,
            0
          ],
          "args_delimiter": null,
          "terminated": false,
          "prefixed": false,
          "assigned": false,
          "default": null,
          "choice": null,
          "env": null,
          "inherit": false
        },
        {
          "id": "oa",
          "long_name": "-oa",
          "short_name": null,
          "describe": "",
          "is_flag": false,
          "notations": [
            "OA"
          ],
          "required": false,
          "multiple_values": false,
          "multiple_occurs": false,
          "args_range": [
            1,
            1
          ],
          "args_delimiter": null,
          "terminated": false,
          "prefixed": false,
          "assigned": false,
          "default": null,
          "choice": null,
          "env": null,
          "inherit": false
        },
        {
          "id": "od",
          "long_name": "-od",
          "short_name": null,
          "describe": "",
          "is_flag": false,
          "notations": [
            "OD"
          ],
          "required": false,
          "multiple_values": true,
          "multiple_occurs": true,
          "args_range": [
            1,
            1
          ],
          "args_delimiter": null,
          "terminated": false,
          "prefixed": false,
          "assigned": false,
          "default": null,
          "choice": null,
          "env": null,
          "inherit": false
        },
        {
          "id": "ona",
          "long_name": "-ona",
          "short_name": null,
          "describe": "",
          "is_flag": false,
          "notations": [
            "PATH"
          ],
          "required": false,
          "multiple_values": false,
          "multiple_occurs": false,
          "args_range": [
            1,
            1
          ],
          "args_delimiter": null,
          "terminated": false,
          "prefixed": false,
          "assigned": false,
          "default": null,
          "choice": null,
          "env": null,
          "inherit": false
        },
        {
          "id": "oca",
          "long_name": "-oca",
          "short_name": null,
          "describe": "",
          "is_flag": false,
          "notations": [
            "OCA"
          ],
          "required": false,
          "multiple_values": false,
          "multiple_occurs": false,
          "args_range": [
            1,
            1
          ],
          "args_delimiter": null,
          "terminated": false,
          "prefixed": false,
          "assigned": false,
          "default": null,
          "choice": {
            "type": "Values",
            "data": [
              "a",
              "b"
            ]
          },
          "env": null,
          "inherit": false
        },
        {
          "id": "ofa",
          "long_name": "-ofa",
          "short_name": null,
          "describe": "",
          "is_flag": false,
          "notations": [
            "OFA"
          ],
          "required": false,
          "multiple_values": false,
          "multiple_occurs": false,
          "args_range": [
            1,
            1
          ],
          "args_delimiter": null,
          "terminated": false,
          "prefixed": false,
          "assigned": false,
          "default": null,
          "choice": {
            "type": "Fn",
            "data": [
              "_choice_fn",
              true
            ]
          },
          "env": null,
          "inherit": false
        },
        {
          "id": "help",
          "long_name": "-help",
          "short_name": "-h",
          "describe": "",
          "is_flag": true,
          "notations": [],
          "required": false,
          "multiple_values": false,
          "multiple_occurs": false,
          "args_range": [
            0,
            0
          ],
          "args_delimiter": null,
          "terminated": false,
          "prefixed": false,
          "assigned": false,
          "default": null,
          "choice": null,
          "env": null,
          "inherit": false
        }
      ],
      "positionals": [],
      "envs": [],
      "subcommands": [],
      "paths": [
        "options-one-hyphen"
      ],
      "command_fn": "options-one-hyphen"
    },
    {
      "name": "options-notation-modifier",
      "describe": "Value notation modifier",
      "author": null,
      "version": null,
      "aliases": [],
      "flag_options": [
        {
          "id": "oa",
          "long_name": "--oa",
          "short_name": null,
          "describe": "multi values, zero or more",
          "is_flag": false,
          "notations": [
            "VALUE*"
          ],
          "required": false,
          "multiple_values": true,
          "multiple_occurs": false,
          "args_range": [
            0,
            999999
          ],
          "args_delimiter": null,
          "terminated": false,
          "prefixed": false,
          "assigned": false,
          "default": null,
          "choice": null,
          "env": null,
          "inherit": false
        },
        {
          "id": "ob",
          "long_name": "--ob",
          "short_name": null,
          "describe": "multi values, one or more",
          "is_flag": false,
          "notations": [
            "VALUE+"
          ],
          "required": false,
          "multiple_values": true,
          "multiple_occurs": false,
          "args_range": [
            1,
            999999
          ],
          "args_delimiter": null,
          "terminated": false,
          "prefixed": false,
          "assigned": false,
          "default": null,
          "choice": null,
          "env": null,
          "inherit": false
        },
        {
          "id": "oc",
          "long_name": "--oc",
          "short_name": null,
          "describe": "zero or one",
          "is_flag": false,
          "notations": [
            "VALUE?"
          ],
          "required": false,
          "multiple_values": false,
          "multiple_occurs": false,
          "args_range": [
            0,
            1
          ],
          "args_delimiter": null,
          "terminated": false,
          "prefixed": false,
          "assigned": false,
          "default": null,
          "choice": null,
          "env": null,
          "inherit": false
        },
        {
          "id": "help",
          "long_name": "--help",
          "short_name": "-h",
          "describe": "Print help",
          "is_flag": true,
          "notations": [],
          "required": false,
          "multiple_values": false,
          "multiple_occurs": false,
          "args_range": [
            0,
            0
          ],
          "args_delimiter": null,
          "terminated": false,
          "prefixed": false,
          "assigned": false,
          "default": null,
          "choice": null,
          "env": null,
          "inherit": false
        }
      ],
      "positionals": [],
      "envs": [],
      "subcommands": [],
      "paths": [
        "options-notation-modifier"
      ],
      "command_fn": "options-notation-modifier"
    },
    {
      "name": "options-plus",
      "describe": "All kind of options",
      "author": null,
      "version": null,
      "aliases": [],
      "flag_options": [
        {
          "id": "plus_oa",
          "long_name": "+oa",
          "short_name": null,
          "describe": "",
          "is_flag": false,
          "notations": [
            "OA"
          ],
          "required": false,
          "multiple_values": false,
          "multiple_occurs": false,
          "args_range": [
            1,
            1
          ],
          "args_delimiter": null,
          "terminated": false,
          "prefixed": false,
          "assigned": false,
          "default": null,
          "choice": null,
          "env": null,
          "inherit": false
        },
        {
          "id": "plus_ob",
          "long_name": "+ob",
          "short_name": "+b",
          "describe": "short",
          "is_flag": false,
          "notations": [
            "OB"
          ],
          "required": false,
          "multiple_values": false,
          "multiple_occurs": false,
          "args_range": [
            1,
            1
          ],
          "args_delimiter": null,
          "terminated": false,
          "prefixed": false,
          "assigned": false,
          "default": null,
          "choice": null,
          "env": null,
          "inherit": false
        },
        {
          "id": "plus_c",
          "long_name": "+c",
          "short_name": null,
          "describe": "short only",
          "is_flag": false,
          "notations": [
            "C"
          ],
          "required": false,
          "multiple_values": false,
          "multiple_occurs": false,
          "args_range": [
            1,
            1
          ],
          "args_delimiter": null,
          "terminated": false,
          "prefixed": false,
          "assigned": false,
          "default": null,
          "choice": null,
          "env": null,
          "inherit": false
        },
        {
          "id": "plus_oc",
          "long_name": "+oc",
          "short_name": null,
          "describe": "required",
          "is_flag": false,
          "notations": [
            "OC"
          ],
          "required": true,
          "multiple_values": false,
          "multiple_occurs": false,
          "args_range": [
            1,
            1
          ],
          "args_delimiter": null,
          "terminated": false,
          "prefixed": false,
          "assigned": false,
          "default": null,
          "choice": null,
          "env": null,
          "inherit": false
        },
        {
          "id": "plus_od",
          "long_name": "+od",
          "short_name": null,
          "describe": "multi-occurs",
          "is_flag": false,
          "notations": [
            "OD"
          ],
          "required": false,
          "multiple_values": true,
          "multiple_occurs": true,
          "args_range": [
            1,
            1
          ],
          "args_delimiter": null,
          "terminated": false,
          "prefixed": false,
          "assigned": false,
          "default": null,
          "choice": null,
          "env": null,
          "inherit": false
        },
        {
          "id": "plus_oe",
          "long_name": "+oe",
          "short_name": null,
          "describe": "required + multi-occurs",
          "is_flag": false,
          "notations": [
            "OE"
          ],
          "required": true,
          "multiple_values": true,
          "multiple_occurs": true,
          "args_range": [
            1,
            1
          ],
          "args_delimiter": null,
          "terminated": false,
          "prefixed": false,
          "assigned": false,
          "default": null,
          "choice": null,
          "env": null,
          "inherit": false
        },
        {
          "id": "plus_ona",
          "long_name": "+ona",
          "short_name": null,
          "describe": "value notation",
          "is_flag": false,
          "notations": [
            "PATH"
          ],
          "required": false,
          "multiple_values": false,
          "multiple_occurs": false,
          "args_range": [
            1,
            1
          ],
          "args_delimiter": null,
          "terminated": false,
          "prefixed": false,
          "assigned": false,
          "default": null,
          "choice": null,
          "env": null,
          "inherit": false
        },
        {
          "id": "plus_onb",
          "long_name": "+onb",
          "short_name": null,
          "describe": "two-args value notations",
          "is_flag": false,
          "notations": [
            "FILE",
            "FILE"
          ],
          "required": false,
          "multiple_values": true,
          "multiple_occurs": false,
          "args_range": [
            2,
            2
          ],
          "args_delimiter": null,
          "terminated": false,
          "prefixed": false,
          "assigned": false,
          "default": null,
          "choice": null,
          "env": null,
          "inherit": false
        },
        {
          "id": "plus_onc",
          "long_name": "+onc",
          "short_name": null,
          "describe": "unlimited-args value notations",
          "is_flag": false,
          "notations": [
            "CMD",
            "FILE+"
          ],
          "required": false,
          "multiple_values": true,
          "multiple_occurs": false,
          "args_range": [
            2,
            999999
          ],
          "args_delimiter": null,
          "terminated": false,
          "prefixed": false,
          "assigned": false,
          "default": null,
          "choice": null,
          "env": null,
          "inherit": false
        },
        {
          "id": "plus_oda",
          "long_name": "+oda",
          "short_name": null,
          "describe": "default",
          "is_flag": false,
          "notations": [
            "ODA"
          ],
          "required": false,
          "multiple_values": false,
          "multiple_occurs": false,
          "args_range": [
            1,
            1
          ],
          "args_delimiter": null,
          "terminated": false,
          "prefixed": false,
          "assigned": false,
          "default": {
            "type": "Value",
            "value": "a"
          },
          "choice": null,
          "env": null,
          "inherit": false
        },
        {
          "id": "plus_odb",
          "long_name": "+odb",
          "short_name": null,
          "describe": "default from fn",
          "is_flag": false,
          "notations": [
            "ODB"
          ],
          "required": false,
          "multiple_values": false,
          "multiple_occurs": false,
          "args_range": [
            1,
            1
          ],
          "args_delimiter": null,
          "terminated": false,
          "prefixed": false,
          "assigned": false,
          "default": {
            "type": "Fn",
            "value": "_default_fn"
          },
          "choice": null,
          "env": null,
          "inherit": false
        },
        {
          "id": "plus_oca",
          "long_name": "+oca",
          "short_name": null,
          "describe": "choice",
          "is_flag": false,
          "notations": [
            "OCA"
          ],
          "required": false,
          "multiple_values": false,
          "multiple_occurs": false,
          "args_range": [
            1,
            1
          ],
          "args_delimiter": null,
          "terminated": false,
          "prefixed": false,
          "assigned": false,
          "default": null,
          "choice": {
            "type": "Values",
            "data": [
              "a",
              "b"
            ]
          },
          "env": null,
          "inherit": false
        },
        {
          "id": "plus_ocb",
          "long_name": "+ocb",
          "short_name": null,
          "describe": "choice + default",
          "is_flag": false,
          "notations": [
            "OCB"
          ],
          "required": false,
          "multiple_values": false,
          "multiple_occurs": false,
          "args_range": [
            1,
            1
          ],
          "args_delimiter": null,
          "terminated": false,
          "prefixed": false,
          "assigned": false,
          "default": {
            "type": "Value",
            "value": "a"
          },
          "choice": {
            "type": "Values",
            "data": [
              "a",
              "b"
            ]
          },
          "env": null,
          "inherit": false
        },
        {
          "id": "plus_occ",
          "long_name": "+occ",
          "short_name": null,
          "describe": "multi-occurs + choice",
          "is_flag": false,
          "notations": [
            "OCC"
          ],
          "required": false,
          "multiple_values": true,
          "multiple_occurs": true,
          "args_range": [
            1,
            1
          ],
          "args_delimiter": null,
          "terminated": false,
          "prefixed": false,
          "assigned": false,
          "default": null,
          "choice": {
            "type": "Values",
            "data": [
              "a",
              "b"
            ]
          },
          "env": null,
          "inherit": false
        },
        {
          "id": "plus_ocd",
          "long_name": "+ocd",
          "short_name": null,
          "describe": "required + multi-occurs + choice",
          "is_flag": false,
          "notations": [
            "OCD"
          ],
          "required": true,
          "multiple_values": true,
          "multiple_occurs": true,
          "args_range": [
            1,
            1
          ],
          "args_delimiter": null,
          "terminated": false,
          "prefixed": false,
          "assigned": false,
          "default": null,
          "choice": {
            "type": "Values",
            "data": [
              "a",
              "b"
            ]
          },
          "env": null,
          "inherit": false
        },
        {
          "id": "plus_ofa",
          "long_name": "+ofa",
          "short_name": null,
          "describe": "choice from fn",
          "is_flag": false,
          "notations": [
            "OFA"
          ],
          "required": false,
          "multiple_values": false,
          "multiple_occurs": false,
          "args_range": [
            1,
            1
          ],
          "args_delimiter": null,
          "terminated": false,
          "prefixed": false,
          "assigned": false,
          "default": null,
          "choice": {
            "type": "Fn",
            "data": [
              "_choice_fn",
              true
            ]
          },
          "env": null,
          "inherit": false
        },
        {
          "id": "plus_ofb",
          "long_name": "+ofb",
          "short_name": null,
          "describe": "choice from fn + no validation",
          "is_flag": false,
          "notations": [
            "OFB"
          ],
          "required": false,
          "multiple_values": false,
          "multiple_occurs": false,
          "args_range": [
            1,
            1
          ],
          "args_delimiter": null,
          "terminated": false,
          "prefixed": false,
          "assigned": false,
          "default": null,
          "choice": {
            "type": "Fn",
            "data": [
              "_choice_fn",
              false
            ]
          },
          "env": null,
          "inherit": false
        },
        {
          "id": "plus_ofc",
          "long_name": "+ofc",
          "short_name": null,
          "describe": "multi-occurs + choice from fn",
          "is_flag": false,
          "notations": [
            "OFC"
          ],
          "required": false,
          "multiple_values": true,
          "multiple_occurs": true,
          "args_range": [
            1,
            1
          ],
          "args_delimiter": null,
          "terminated": false,
          "prefixed": false,
          "assigned": false,
          "default": null,
          "choice": {
            "type": "Fn",
            "data": [
              "_choice_fn",
              true
            ]
          },
          "env": null,
          "inherit": false
        },
        {
          "id": "plus_ofd",
          "long_name": "+ofd",
          "short_name": null,
          "describe": "multi-occurs + choice from fn + comma-separated list",
          "is_flag": false,
          "notations": [
            "OFD"
          ],
          "required": false,
          "multiple_values": true,
          "multiple_occurs": true,
          "args_range": [
            1,
            1
          ],
          "args_delimiter": ",",
          "terminated": false,
          "prefixed": false,
          "assigned": false,
          "default": null,
          "choice": {
            "type": "Fn",
            "data": [
              "_choice_fn",
              true
            ]
          },
          "env": null,
          "inherit": false
        },
        {
          "id": "plus_oxa",
          "long_name": "+oxa",
          "short_name": null,
          "describe": "capture all remaining args",
          "is_flag": false,
          "notations": [
            "OXA~"
          ],
          "required": false,
          "multiple_values": true,
          "multiple_occurs": false,
          "args_range": [
            1,
            999999
          ],
          "args_delimiter": null,
          "terminated": true,
          "prefixed": false,
          "assigned": false,
          "default": null,
          "choice": null,
          "env": null,
          "inherit": false
        },
        {
          "id": "help",
          "long_name": "-help",
          "short_name": "-h",
          "describe": "Print help",
          "is_flag": true,
          "notations": [],
          "required": false,
          "multiple_values": false,
          "multiple_occurs": false,
          "args_range": [
            0,
            0
          ],
          "args_delimiter": null,
          "terminated": false,
          "prefixed": false,
          "assigned": false,
          "default": null,
          "choice": null,
          "env": null,
          "inherit": false
        }
      ],
      "positionals": [],
      "envs": [],
      "subcommands": [],
      "paths": [
        "options-plus"
      ],
      "command_fn": "options-plus"
    },
    {
      "name": "flags-plus",
      "describe": "All kind of flags",
      "author": null,
      "version": null,
      "aliases": [],
      "flag_options": [
        {
          "id": "plus_fa",
          "long_name": "+fa",
          "short_name": null,
          "describe": "",
          "is_flag": true,
          "notations": [],
          "required": false,
          "multiple_values": false,
          "multiple_occurs": false,
          "args_range": [
            0,
            0
          ],
          "args_delimiter": null,
          "terminated": false,
          "prefixed": false,
          "assigned": false,
          "default": null,
          "choice": null,
          "env": null,
          "inherit": false
        },
        {
          "id": "plus_fb",
          "long_name": "+fb",
          "short_name": "+b",
          "describe": "short",
          "is_flag": true,
          "notations": [],
          "required": false,
          "multiple_values": false,
          "multiple_occurs": false,
          "args_range": [
            0,
            0
          ],
          "args_delimiter": null,
          "terminated": false,
          "prefixed": false,
          "assigned": false,
          "default": null,
          "choice": null,
          "env": null,
          "inherit": false
        },
        {
          "id": "plus_c",
          "long_name": "+c",
          "short_name": null,
          "describe": "short only",
          "is_flag": true,
          "notations": [],
          "required": false,
          "multiple_values": false,
          "multiple_occurs": false,
          "args_range": [
            0,
            0
          ],
          "args_delimiter": null,
          "terminated": false,
          "prefixed": false,
          "assigned": false,
          "default": null,
          "choice": null,
          "env": null,
          "inherit": false
        },
        {
          "id": "plus_fd",
          "long_name": "+fd",
          "short_name": null,
          "describe": "multi-occurs",
          "is_flag": true,
          "notations": [],
          "required": false,
          "multiple_values": true,
          "multiple_occurs": true,
          "args_range": [
            0,
            0
          ],
          "args_delimiter": null,
          "terminated": false,
          "prefixed": false,
          "assigned": false,
          "default": null,
          "choice": null,
          "env": null,
          "inherit": false
        },
        {
          "id": "plus_fe",
          "long_name": "+fe",
          "short_name": "+e",
          "describe": "short + multi-occurs",
          "is_flag": true,
          "notations": [],
          "required": false,
          "multiple_values": true,
          "multiple_occurs": true,
          "args_range": [
            0,
            0
          ],
          "args_delimiter": null,
          "terminated": false,
          "prefixed": false,
          "assigned": false,
          "default": null,
          "choice": null,
          "env": null,
          "inherit": false
        },
        {
          "id": "help",
          "long_name": "-help",
          "short_name": "-h",
          "describe": "Print help",
          "is_flag": true,
          "notations": [],
          "required": false,
          "multiple_values": false,
          "multiple_occurs": false,
          "args_range": [
            0,
            0
          ],
          "args_delimiter": null,
          "terminated": false,
          "prefixed": false,
          "assigned": false,
          "default": null,
          "choice": null,
          "env": null,
          "inherit": false
        }
      ],
      "positionals": [],
      "envs": [],
      "subcommands": [],
      "paths": [
        "flags-plus"
      ],
      "command_fn": "flags-plus"
    },
    {
      "name": "options-mixed",
      "describe": "Mixed `-` and `+` options",
      "author": null,
      "version": null,
      "aliases": [],
      "flag_options": [
        {
          "id": "a",
          "long_name": "-a",
          "short_name": "+a",
          "describe": "",
          "is_flag": false,
          "notations": [
            "A"
          ],
          "required": false,
          "multiple_values": false,
          "multiple_occurs": false,
          "args_range": [
            1,
            1
          ],
          "args_delimiter": null,
          "terminated": false,
          "prefixed": false,
          "assigned": false,
          "default": null,
          "choice": null,
          "env": null,
          "inherit": false
        },
        {
          "id": "plus_b",
          "long_name": "+b",
          "short_name": "-b",
          "describe": "",
          "is_flag": false,
          "notations": [
            "B"
          ],
          "required": false,
          "multiple_values": false,
          "multiple_occurs": false,
          "args_range": [
            1,
            1
          ],
          "args_delimiter": null,
          "terminated": false,
          "prefixed": false,
          "assigned": false,
          "default": null,
          "choice": null,
          "env": null,
          "inherit": false
        },
        {
          "id": "c",
          "long_name": "--c",
          "short_name": "+c",
          "describe": "",
          "is_flag": false,
          "notations": [
            "C"
          ],
          "required": false,
          "multiple_values": false,
          "multiple_occurs": false,
          "args_range": [
            1,
            1
          ],
          "args_delimiter": null,
          "terminated": false,
          "prefixed": false,
          "assigned": false,
          "default": null,
          "choice": null,
          "env": null,
          "inherit": false
        },
        {
          "id": "help",
          "long_name": "-help",
          "short_name": "-h",
          "describe": "",
          "is_flag": true,
          "notations": [],
          "required": false,
          "multiple_values": false,
          "multiple_occurs": false,
          "args_range": [
            0,
            0
          ],
          "args_delimiter": null,
          "terminated": false,
          "prefixed": false,
          "assigned": false,
          "default": null,
          "choice": null,
          "env": null,
          "inherit": false
        }
      ],
      "positionals": [],
      "envs": [],
      "subcommands": [],
      "paths": [
        "options-mixed"
      ],
      "command_fn": "options-mixed"
    },
    {
      "name": "options-prefixed",
      "describe": "Prefixed option",
      "author": null,
      "version": null,
      "aliases": [],
      "flag_options": [
        {
          "id": "X",
          "long_name": "-X",
          "short_name": null,
          "describe": "prefixied + multi-occurs + choice from fn",
          "is_flag": false,
          "notations": [
            "X"
          ],
          "required": false,
          "multiple_values": true,
          "multiple_occurs": true,
          "args_range": [
            1,
            1
          ],
          "args_delimiter": null,
          "terminated": false,
          "prefixed": true,
          "assigned": false,
          "default": null,
          "choice": {
            "type": "Fn",
            "data": [
              "_choice_fn",
              true
            ]
          },
          "env": null,
          "inherit": false
        },
        {
          "id": "plus_X",
          "long_name": "+X",
          "short_name": null,
          "describe": "prefixied + multi-occurs + choice from fn",
          "is_flag": false,
          "notations": [
            "X"
          ],
          "required": false,
          "multiple_values": true,
          "multiple_occurs": true,
          "args_range": [
            1,
            1
          ],
          "args_delimiter": null,
          "terminated": false,
          "prefixed": true,
          "assigned": false,
          "default": null,
          "choice": {
            "type": "Fn",
            "data": [
              "_choice_fn",
              true
            ]
          },
          "env": null,
          "inherit": false
        },
        {
          "id": "help",
          "long_name": "-help",
          "short_name": "-h",
          "describe": "Print help",
          "is_flag": true,
          "notations": [],
          "required": false,
          "multiple_values": false,
          "multiple_occurs": false,
          "args_range": [
            0,
            0
          ],
          "args_delimiter": null,
          "terminated": false,
          "prefixed": false,
          "assigned": false,
          "default": null,
          "choice": null,
          "env": null,
          "inherit": false
        }
      ],
      "positionals": [],
      "envs": [],
      "subcommands": [],
      "paths": [
        "options-prefixed"
      ],
      "command_fn": "options-prefixed"
    },
    {
      "name": "options-assigned",
      "describe": "Prefixed option",
      "author": null,
      "version": null,
      "aliases": [],
      "flag_options": [
        {
          "id": "follow",
          "long_name": "--follow",
          "short_name": "-f",
          "describe": "assigned + choice",
          "is_flag": false,
          "notations": [
            "FOLLOW"
          ],
          "required": false,
          "multiple_values": false,
          "multiple_occurs": false,
          "args_range": [
            1,
            1
          ],
          "args_delimiter": null,
          "terminated": false,
          "prefixed": false,
          "assigned": true,
          "default": null,
          "choice": {
            "type": "Values",
            "data": [
              "a",
              "b"
            ]
          },
          "env": null,
          "inherit": false
        },
        {
          "id": "help",
          "long_name": "--help",
          "short_name": "-h",
          "describe": "Print help",
          "is_flag": true,
          "notations": [],
          "required": false,
          "multiple_values": false,
          "multiple_occurs": false,
          "args_range": [
            0,
            0
          ],
          "args_delimiter": null,
          "terminated": false,
          "prefixed": false,
          "assigned": false,
          "default": null,
          "choice": null,
          "env": null,
          "inherit": false
        }
      ],
      "positionals": [],
      "envs": [],
      "subcommands": [],
      "paths": [
        "options-assigned"
      ],
      "command_fn": "options-assigned"
    },
    {
      "name": "test1",
      "describe": "",
      "author": null,
      "version": null,
      "aliases": [],
      "flag_options": [
        {
          "id": "a",
          "long_name": "-a",
          "short_name": null,
          "describe": "",
          "is_flag": true,
          "notations": [],
          "required": false,
          "multiple_values": false,
          "multiple_occurs": false,
          "args_range": [
            0,
            0
          ],
          "args_delimiter": null,
          "terminated": false,
          "prefixed": false,
          "assigned": false,
          "default": null,
          "choice": null,
          "env": null,
          "inherit": false
        },
        {
          "id": "fa",
          "long_name": "--fa",
          "short_name": null,
          "describe": "",
          "is_flag": true,
          "notations": [],
          "required": false,
          "multiple_values": false,
          "multiple_occurs": false,
          "args_range": [
            0,
            0
          ],
          "args_delimiter": null,
          "terminated": false,
          "prefixed": false,
          "assigned": false,
          "default": null,
          "choice": null,
          "env": null,
          "inherit": false
        },
        {
          "id": "fb",
          "long_name": "--fb",
          "short_name": "-f",
          "describe": "",
          "is_flag": true,
          "notations": [],
          "required": false,
          "multiple_values": true,
          "multiple_occurs": true,
          "args_range": [
            0,
            0
          ],
          "args_delimiter": null,
          "terminated": false,
          "prefixed": false,
          "assigned": false,
          "default": null,
          "choice": null,
          "env": null,
          "inherit": false
        },
        {
          "id": "sa",
          "long_name": "-sa",
          "short_name": null,
          "describe": "",
          "is_flag": true,
          "notations": [],
          "required": false,
          "multiple_values": false,
          "multiple_occurs": false,
          "args_range": [
            0,
            0
          ],
          "args_delimiter": null,
          "terminated": false,
          "prefixed": false,
          "assigned": false,
          "default": null,
          "choice": null,
          "env": null,
          "inherit": false
        },
        {
          "id": "sb",
          "long_name": "-sb",
          "short_name": null,
          "describe": "",
          "is_flag": true,
          "notations": [],
          "required": false,
          "multiple_values": true,
          "multiple_occurs": true,
          "args_range": [
            0,
            0
          ],
          "args_delimiter": null,
          "terminated": false,
          "prefixed": false,
          "assigned": false,
          "default": null,
          "choice": null,
          "env": null,
          "inherit": false
        },
        {
          "id": "e",
          "long_name": "-e",
          "short_name": null,
          "describe": "",
          "is_flag": false,
          "notations": [
            "E"
          ],
          "required": false,
          "multiple_values": false,
          "multiple_occurs": false,
          "args_range": [
            1,
            1
          ],
          "args_delimiter": null,
          "terminated": false,
          "prefixed": false,
          "assigned": false,
          "default": null,
          "choice": null,
          "env": null,
          "inherit": false
        },
        {
          "id": "oa",
          "long_name": "--oa",
          "short_name": null,
          "describe": "",
          "is_flag": false,
          "notations": [
            "OA"
          ],
          "required": false,
          "multiple_values": false,
          "multiple_occurs": false,
          "args_range": [
            1,
            1
          ],
          "args_delimiter": null,
          "terminated": false,
          "prefixed": false,
          "assigned": false,
          "default": null,
          "choice": null,
          "env": null,
          "inherit": false
        },
        {
          "id": "ob",
          "long_name": "--ob",
          "short_name": null,
          "describe": "",
          "is_flag": false,
          "notations": [
            "OB"
          ],
          "required": false,
          "multiple_values": true,
          "multiple_occurs": true,
          "args_range": [
            1,
            1
          ],
          "args_delimiter": null,
          "terminated": false,
          "prefixed": false,
          "assigned": false,
          "default": null,
          "choice": null,
          "env": null,
          "inherit": false
        },
        {
          "id": "oc",
          "long_name": "--oc",
          "short_name": null,
          "describe": "",
          "is_flag": false,
          "notations": [
            "DIR"
          ],
          "required": false,
          "multiple_values": false,
          "multiple_occurs": false,
          "args_range": [
            1,
            1
          ],
          "args_delimiter": null,
          "terminated": false,
          "prefixed": false,
          "assigned": false,
          "default": null,
          "choice": null,
          "env": null,
          "inherit": false
        },
        {
          "id": "od",
          "long_name": "--od",
          "short_name": "-o",
          "describe": "",
          "is_flag": false,
          "notations": [
            "FILE",
            "FILE"
          ],
          "required": false,
          "multiple_values": true,
          "multiple_occurs": false,
          "args_range": [
            2,
            2
          ],
          "args_delimiter": null,
          "terminated": false,
          "prefixed": false,
          "assigned": false,
          "default": null,
          "choice": null,
          "env": null,
          "inherit": false
        },
        {
          "id": "oe",
          "long_name": "--oe",
          "short_name": null,
          "describe": "",
          "is_flag": false,
          "notations": [
            "OE"
          ],
          "required": false,
          "multiple_values": true,
          "multiple_occurs": true,
          "args_range": [
            1,
            1
          ],
          "args_delimiter": ",",
          "terminated": false,
          "prefixed": false,
          "assigned": false,
          "default": null,
          "choice": null,
          "env": null,
          "inherit": false
        },
        {
          "id": "ca",
          "long_name": "--ca",
          "short_name": null,
          "describe": "",
          "is_flag": false,
          "notations": [
            "CA"
          ],
          "required": false,
          "multiple_values": false,
          "multiple_occurs": false,
          "args_range": [
            1,
            1
          ],
          "args_delimiter": null,
          "terminated": false,
          "prefixed": false,
          "assigned": false,
          "default": null,
          "choice": {
            "type": "Values",
            "data": [
              "x",
              "y",
              "z"
            ]
          },
          "env": null,
          "inherit": false
        },
        {
          "id": "cc",
          "long_name": "--cc",
          "short_name": null,
          "describe": "",
          "is_flag": false,
          "notations": [
            "CC"
          ],
          "required": false,
          "multiple_values": false,
          "multiple_occurs": false,
          "args_range": [
            1,
            1
          ],
          "args_delimiter": null,
          "terminated": false,
          "prefixed": false,
          "assigned": false,
          "default": null,
          "choice": {
            "type": "Fn",
            "data": [
              "_choice_fn",
              true
            ]
          },
          "env": null,
          "inherit": false
        },
        {
          "id": "cd",
          "long_name": "--cd",
          "short_name": null,
          "describe": "",
          "is_flag": false,
          "notations": [
            "CD"
          ],
          "required": false,
          "multiple_values": false,
          "multiple_occurs": false,
          "args_range": [
            1,
            1
          ],
          "args_delimiter": null,
          "terminated": false,
          "prefixed": false,
          "assigned": false,
          "default": null,
          "choice": {
            "type": "Fn",
            "data": [
              "_choice_fn",
              false
            ]
          },
          "env": null,
          "inherit": false
        },
        {
          "id": "ce",
          "long_name": "--ce",
          "short_name": null,
          "describe": "",
          "is_flag": false,
          "notations": [
            "CE"
          ],
          "required": false,
          "multiple_values": true,
          "multiple_occurs": true,
          "args_range": [
            1,
            1
          ],
          "args_delimiter": null,
          "terminated": false,
          "prefixed": false,
          "assigned": false,
          "default": null,
          "choice": {
            "type": "Fn",
            "data": [
              "_choice_fn",
              true
            ]
          },
          "env": null,
          "inherit": false
        },
        {
          "id": "soa",
          "long_name": "-soa",
          "short_name": "-s",
          "describe": "",
          "is_flag": false,
          "notations": [
            "SOA"
          ],
          "required": false,
          "multiple_values": false,
          "multiple_occurs": false,
          "args_range": [
            1,
            1
          ],
          "args_delimiter": null,
          "terminated": false,
          "prefixed": false,
          "assigned": false,
          "default": null,
          "choice": null,
          "env": null,
          "inherit": false
        },
        {
          "id": "help",
          "long_name": "-help",
          "short_name": "-h",
          "describe": "",
          "is_flag": true,
          "notations": [],
          "required": false,
          "multiple_values": false,
          "multiple_occurs": false,
          "args_range": [
            0,
            0
          ],
          "args_delimiter": null,
          "terminated": false,
          "prefixed": false,
          "assigned": false,
          "default": null,
          "choice": null,
          "env": null,
          "inherit": false
        }
      ],
      "positionals": [],
      "envs": [],
      "subcommands": [],
      "paths": [
        "test1"
      ],
      "command_fn": "test1"
    },
    {
      "name": "test2",
      "describe": "",
      "author": null,
      "version": null,
      "aliases": [],
      "flag_options": [
        {
          "id": "oa",
          "long_name": "--oa",
          "short_name": "-a",
          "describe": "",
          "is_flag": false,
          "notations": [
            "OA"
          ],
          "required": true,
          "multiple_values": false,
          "multiple_occurs": false,
          "args_range": [
            1,
            1
          ],
          "args_delimiter": null,
          "terminated": false,
          "prefixed": false,
          "assigned": false,
          "default": null,
          "choice": null,
          "env": null,
          "inherit": false
        },
        {
          "id": "ob",
          "long_name": "--ob",
          "short_name": null,
          "describe": "",
          "is_flag": false,
          "notations": [
            "OB"
          ],
          "required": true,
          "multiple_values": true,
          "multiple_occurs": true,
          "args_range": [
            1,
            1
          ],
          "args_delimiter": null,
          "terminated": false,
          "prefixed": false,
          "assigned": false,
          "default": null,
          "choice": null,
          "env": null,
          "inherit": false
        },
        {
          "id": "oc",
          "long_name": "--oc",
          "short_name": null,
          "describe": "",
          "is_flag": false,
          "notations": [
            "OC"
          ],
          "required": true,
          "multiple_values": true,
          "multiple_occurs": true,
          "args_range": [
            1,
            1
          ],
          "args_delimiter": ",",
          "terminated": false,
          "prefixed": false,
          "assigned": false,
          "default": null,
          "choice": null,
          "env": null,
          "inherit": false
        },
        {
          "id": "oca",
          "long_name": "--oca",
          "short_name": null,
          "describe": "",
          "is_flag": false,
          "notations": [
            "OCA"
          ],
          "required": true,
          "multiple_values": false,
          "multiple_occurs": false,
          "args_range": [
            1,
            1
          ],
          "args_delimiter": null,
          "terminated": false,
          "prefixed": false,
          "assigned": false,
          "default": null,
          "choice": {
            "type": "Fn",
            "data": [
              "_choice_fn",
              true
            ]
          },
          "env": null,
          "inherit": false
        },
        {
          "id": "ocb",
          "long_name": "--ocb",
          "short_name": null,
          "describe": "",
          "is_flag": false,
          "notations": [
            "OCB"
          ],
          "required": true,
          "multiple_values": true,
          "multiple_occurs": true,
          "args_range": [
            1,
            1
          ],
          "args_delimiter": null,
          "terminated": false,
          "prefixed": false,
          "assigned": false,
          "default": null,
          "choice": {
            "type": "Fn",
            "data": [
              "_choice_fn",
              true
            ]
          },
          "env": null,
          "inherit": false
        },
        {
          "id": "occ",
          "long_name": "--occ",
          "short_name": null,
          "describe": "",
          "is_flag": false,
          "notations": [
            "OCC"
          ],
          "required": true,
          "multiple_values": true,
          "multiple_occurs": true,
          "args_range": [
            1,
            1
          ],
          "args_delimiter": ",",
          "terminated": false,
          "prefixed": false,
          "assigned": false,
          "default": null,
          "choice": {
            "type": "Fn",
            "data": [
              "_choice_fn",
              true
            ]
          },
          "env": null,
          "inherit": false
        },
        {
          "id": "help",
          "long_name": "--help",
          "short_name": "-h",
          "describe": "",
          "is_flag": true,
          "notations": [],
          "required": false,
          "multiple_values": false,
          "multiple_occurs": false,
          "args_range": [
            0,
            0
          ],
          "args_delimiter": null,
          "terminated": false,
          "prefixed": false,
          "assigned": false,
          "default": null,
          "choice": null,
          "env": null,
          "inherit": false
        }
      ],
      "positionals": [],
      "envs": [],
      "subcommands": [],
      "paths": [
        "test2"
      ],
      "command_fn": "test2"
    },
    {
      "name": "test3",
      "describe": "",
      "author": null,
      "version": null,
      "aliases": [],
      "flag_options": [
        {
          "id": "oe",
          "long_name": "--oe",
          "short_name": null,
          "describe": "",
          "is_flag": false,
          "notations": [
            "OE"
          ],
          "required": false,
          "multiple_values": false,
          "multiple_occurs": false,
          "args_range": [
            1,
            1
          ],
          "args_delimiter": null,
          "terminated": false,
          "prefixed": false,
          "assigned": false,
          "default": {
            "type": "Value",
            "value": "val"
          },
          "choice": null,
          "env": null,
          "inherit": false
        },
        {
          "id": "of",
          "long_name": "--of",
          "short_name": null,
          "describe": "",
          "is_flag": false,
          "notations": [
            "OF"
          ],
          "required": false,
          "multiple_values": false,
          "multiple_occurs": false,
          "args_range": [
            1,
            1
          ],
          "args_delimiter": null,
          "terminated": false,
          "prefixed": false,
          "assigned": false,
          "default": {
            "type": "Fn",
            "value": "_default_fn"
          },
          "choice": null,
          "env": null,
          "inherit": false
        },
        {
          "id": "cb",
          "long_name": "--cb",
          "short_name": null,
          "describe": "",
          "is_flag": false,
          "notations": [
            "CB"
          ],
          "required": false,
          "multiple_values": false,
          "multiple_occurs": false,
          "args_range": [
            1,
            1
          ],
          "args_delimiter": null,
          "terminated": false,
          "prefixed": false,
          "assigned": false,
          "default": {
            "type": "Value",
            "value": "x"
          },
          "choice": {
            "type": "Values",
            "data": [
              "x",
              "y",
              "z"
            ]
          },
          "env": null,
          "inherit": false
        },
        {
          "id": "help",
          "long_name": "--help",
          "short_name": "-h",
          "describe": "",
          "is_flag": true,
          "notations": [],
          "required": false,
          "multiple_values": false,
          "multiple_occurs": false,
          "args_range": [
            0,
            0
          ],
          "args_delimiter": null,
          "terminated": false,
          "prefixed": false,
          "assigned": false,
          "default": null,
          "choice": null,
          "env": null,
          "inherit": false
        }
      ],
      "positionals": [],
      "envs": [],
      "subcommands": [],
      "paths": [
        "test3"
      ],
      "command_fn": "test3"
    }
  ],
  "paths": [],
  "command_fn": null,
  "combine_shorts": true
}
