---
source: tests/export.rs
expression: output
---
{
  "describe": "",
  "name": null,
  "author": null,
  "version": null,
  "metadata": {
    "combine-shorts": ""
  },
  "options": [],
  "positionals": [],
  "aliases": [],
  "subcommands": [
    {
      "describe": "",
      "name": "cmda",
      "author": null,
      "version": null,
      "metadata": {},
      "options": [
        {
          "name": "a",
          "describe": "",
          "flag": true,
          "option_names": [
            "-a"
          ],
          "value_names": [],
          "modifier": {
            "type": "Optional"
          },
          "choices": null,
          "default": null
        },
        {
          "name": "fa",
          "describe": "",
          "flag": true,
          "option_names": [
            "--fa"
          ],
          "value_names": [],
          "modifier": {
            "type": "Optional"
          },
          "choices": null,
          "default": null
        },
        {
          "name": "fb",
          "describe": "",
          "flag": true,
          "option_names": [
            "--fb",
            "-f"
          ],
          "value_names": [],
          "modifier": {
            "type": "MultipleOptional"
          },
          "choices": null,
          "default": null
        },
        {
          "name": "sa",
          "describe": "",
          "flag": true,
          "option_names": [
            "-sa"
          ],
          "value_names": [],
          "modifier": {
            "type": "Optional"
          },
          "choices": null,
          "default": null
        },
        {
          "name": "sb",
          "describe": "",
          "flag": true,
          "option_names": [
            "-sb"
          ],
          "value_names": [],
          "modifier": {
            "type": "MultipleOptional"
          },
          "choices": null,
          "default": null
        },
        {
          "name": "e",
          "describe": "",
          "flag": false,
          "option_names": [
            "-e"
          ],
          "value_names": [],
          "modifier": {
            "type": "Optional"
          },
          "choices": null,
          "default": null
        },
        {
          "name": "oa",
          "describe": "",
          "flag": false,
          "option_names": [
            "--oa"
          ],
          "value_names": [],
          "modifier": {
            "type": "Optional"
          },
          "choices": null,
          "default": null
        },
        {
          "name": "ob",
          "describe": "",
          "flag": false,
          "option_names": [
            "--ob"
          ],
          "value_names": [],
          "modifier": {
            "type": "MultipleOptional"
          },
          "choices": null,
          "default": null
        },
        {
          "name": "oc",
          "describe": "",
          "flag": false,
          "option_names": [
            "--oc"
          ],
          "value_names": [
            "DIR"
          ],
          "modifier": {
            "type": "Optional"
          },
          "choices": null,
          "default": null
        },
        {
          "name": "od",
          "describe": "",
          "flag": false,
          "option_names": [
            "--od",
            "-o"
          ],
          "value_names": [
            "FILE",
            "FILE"
          ],
          "modifier": {
            "type": "Optional"
          },
          "choices": null,
          "default": null
        },
        {
          "name": "oe",
          "describe": "",
          "flag": false,
          "option_names": [
            "--oe"
          ],
          "value_names": [],
          "modifier": {
            "type": "MultiCharOptional",
            "value": ","
          },
          "choices": null,
          "default": null
        },
        {
          "name": "ca",
          "describe": "",
          "flag": false,
          "option_names": [
            "--ca"
          ],
          "value_names": [],
          "modifier": {
            "type": "Optional"
          },
          "choices": [
            "x",
            "y",
            "z"
          ],
          "default": null
        },
        {
          "name": "cc",
          "describe": "",
          "flag": false,
          "option_names": [
            "--cc"
          ],
          "value_names": [],
          "modifier": {
            "type": "Optional"
          },
          "choices": null,
          "default": null
        },
        {
          "name": "cd",
          "describe": "",
          "flag": false,
          "option_names": [
            "--cd"
          ],
          "value_names": [],
          "modifier": {
            "type": "Optional"
          },
          "choices": null,
          "default": null
        },
        {
          "name": "ce",
          "describe": "",
          "flag": false,
          "option_names": [
            "--ce"
          ],
          "value_names": [],
          "modifier": {
            "type": "MultipleOptional"
          },
          "choices": null,
          "default": null
        },
        {
          "name": "soa",
          "describe": "",
          "flag": false,
          "option_names": [
            "-soa",
            "-s"
          ],
          "value_names": [],
          "modifier": {
            "type": "Optional"
          },
          "choices": null,
          "default": null
        }
      ],
      "positionals": [],
      "aliases": [],
      "subcommands": []
    },
    {
      "describe": "",
      "name": "cmdb",
      "author": null,
      "version": null,
      "metadata": {},
      "options": [
        {
          "name": "oa",
          "describe": "",
          "flag": false,
          "option_names": [
            "--oa",
            "-a"
          ],
          "value_names": [],
          "modifier": {
            "type": "Required"
          },
          "choices": null,
          "default": null
        },
        {
          "name": "ob",
          "describe": "",
          "flag": false,
          "option_names": [
            "--ob"
          ],
          "value_names": [],
          "modifier": {
            "type": "MultipleRequired"
          },
          "choices": null,
          "default": null
        },
        {
          "name": "oc",
          "describe": "",
          "flag": false,
          "option_names": [
            "--oc"
          ],
          "value_names": [],
          "modifier": {
            "type": "MultiCharRequired",
            "value": ","
          },
          "choices": null,
          "default": null
        },
        {
          "name": "oca",
          "describe": "",
          "flag": false,
          "option_names": [
            "--oca"
          ],
          "value_names": [],
          "modifier": {
            "type": "Required"
          },
          "choices": null,
          "default": null
        },
        {
          "name": "ocb",
          "describe": "",
          "flag": false,
          "option_names": [
            "--ocb"
          ],
          "value_names": [],
          "modifier": {
            "type": "MultipleRequired"
          },
          "choices": null,
          "default": null
        },
        {
          "name": "occ",
          "describe": "",
          "flag": false,
          "option_names": [
            "--occ"
          ],
          "value_names": [],
          "modifier": {
            "type": "MultiCharRequired",
            "value": ","
          },
          "choices": null,
          "default": null
        }
      ],
      "positionals": [],
      "aliases": [],
      "subcommands": []
    },
    {
      "describe": "",
      "name": "cmdc",
      "author": null,
      "version": null,
      "metadata": {},
      "options": [
        {
          "name": "oe",
          "describe": "",
          "flag": false,
          "option_names": [
            "--oe"
          ],
          "value_names": [],
          "modifier": {
            "type": "Optional"
          },
          "choices": null,
          "default": "val"
        },
        {
          "name": "of",
          "describe": "",
          "flag": false,
          "option_names": [
            "--of"
          ],
          "value_names": [],
          "modifier": {
            "type": "Optional"
          },
          "choices": null,
          "default": null
        },
        {
          "name": "cb",
          "describe": "",
          "flag": false,
          "option_names": [
            "--cb"
          ],
          "value_names": [],
          "modifier": {
            "type": "Optional"
          },
          "choices": [
            "x",
            "y",
            "z"
          ],
          "default": "x"
        }
      ],
      "positionals": [],
      "aliases": [],
      "subcommands": []
    },
    {
      "describe": "",
      "name": "cmdd",
      "author": null,
      "version": null,
      "metadata": {},
      "options": [
        {
          "name": "oa",
          "describe": "",
          "flag": false,
          "option_names": [
            "--oa"
          ],
          "value_names": [],
          "modifier": {
            "type": "Terminated"
          },
          "choices": null,
          "default": null
        }
      ],
      "positionals": [],
      "aliases": [],
      "subcommands": []
    },
    {
      "describe": "",
      "name": "cmde",
      "author": null,
      "version": null,
      "metadata": {},
      "options": [
        {
          "name": "oa",
          "describe": "",
          "flag": false,
          "option_names": [
            "--oa"
          ],
          "value_names": [
            "DIR+"
          ],
          "modifier": {
            "type": "Optional"
          },
          "choices": null,
          "default": null
        },
        {
          "name": "ob",
          "describe": "",
          "flag": false,
          "option_names": [
            "--ob"
          ],
          "value_names": [
            "CMD",
            "DIR+"
          ],
          "modifier": {
            "type": "Optional"
          },
          "choices": null,
          "default": null
        },
        {
          "name": "oc",
          "describe": "",
          "flag": false,
          "option_names": [
            "--oc"
          ],
          "value_names": [
            "DIR+"
          ],
          "modifier": {
            "type": "MultipleOptional"
          },
          "choices": null,
          "default": null
        }
      ],
      "positionals": [],
      "aliases": [],
      "subcommands": []
    }
  ]
}
