---
source: tests/env.rs
expression: "format!(r#\"\nSTDOUT\n{stdout}\n\nSTDERR\n{stderr}\n\"#)"
---

STDOUT


STDERR
USAGE: envs run

ENVIRONMENTS:
  TEST_EB*  required
  TEST_EDA  default [default: a]
  TEST_EDB  default from fn
  TEST_ECA  choice [possible values: a, b]
  TEST_ECB  choice + default [default: a] [possible values: a, b]
  TEST_EFA  choice from fn
  TEST_EA   override
  TEST_NEW  append



