---
source: tests/spec_test.rs
assertion_line: 178
expression: output
---
RUN
spec cmd-positional-with-choices-and-required

STDOUT


STDERR
error: The following required arguments were not provided:
    <ARG>

USAGE:
    spec cmd-positional-with-choices-and-required <ARG>

For more information try --help


