---
source: tests/spec_test.rs
assertion_line: 39
expression: output
---
RUN
spec cmd-flag-formats -h

STDOUT


STDERR
spec-cmd-flag-formats 
All kind of flags

USAGE:
    spec cmd-flag-formats [OPTIONS]

OPTIONS:
    -a, --foo2    
    -b, --foo4    With description
        --foo1    
        --foo3    With description
    -h, --help    Print help information


