---
source: tests/spec_test.rs
assertion_line: 104
expression: output
---
RUN
spec cmd_positional_with_default -h

STDOUT


STDERR
Positional with default value

USAGE: spec cmd_positional_with_default [ARG]

ARGS:
  [ARG]  A arg with default value [default: a]

OPTIONS:
  -h, --help  Print help information


