---
source: tests/compgen.rs
expression: data
---
************ COMPGEN Bash `prog --oa ` ************
abc ((desc1))
def ((desc2))

************ COMPGEN Elvish `prog --oa ` ************
abc	1	abc	(desc1)
def	1	def	(desc2)

************ COMPGEN Fish `prog --oa ` ************
abc	(desc1)
def	(desc2)

************ COMPGEN Nushell `prog --oa ` ************
abc 	(desc1)
def 	(desc2)

************ COMPGEN Powershell `prog --oa ` ************
abc	1	abc	(desc1)
def	1	def	(desc2)

************ COMPGEN Xonsh `prog --oa ` ************
abc	1	abc	(desc1)
def	1	def	(desc2)

************ COMPGEN Zsh `prog --oa ` ************
abc 	abc:(desc1)
def 	def:(desc2)


