---
source: tests/compgen.rs
expression: data
---
************ COMPGEN `prog ` ************
-a	/kind:flag
--fb	/kind:flag
-b	/kind:flag
--fc	/kind:flag
-f	/kind:flag
-sa	/kind:flag
-e	/kind:option
--oa	/kind:option
-p	/kind:option

************ COMPGEN `prog -` ************
-a	/kind:flag
--fb	/kind:flag
-b	/kind:flag
--fc	/kind:flag
-f	/kind:flag
-sa	/kind:flag
-e	/kind:option
--oa	/kind:option
-p	/kind:option

************ COMPGEN `prog --` ************
--fb	/kind:flag
--fc	/kind:flag
--oa	/kind:option

************ COMPGEN `prog -a` ************
-ab	/kind:flag
-af	/kind:flag
-ae	/kind:option
-ap	/kind:option

************ COMPGEN `prog -a ` ************
--fb	/kind:flag
-b	/kind:flag
--fc	/kind:flag
-f	/kind:flag
-sa	/kind:flag
-e	/kind:option
--oa	/kind:option
-p	/kind:option

************ COMPGEN `prog -af` ************
-afb	/kind:flag
-aff	/kind:flag
-afe	/kind:option
-afp	/kind:option

************ COMPGEN `prog -af ` ************
--fb	/kind:flag
-b	/kind:flag
--fc	/kind:flag
-f	/kind:flag
-sa	/kind:flag
-e	/kind:option
--oa	/kind:option
-p	/kind:option

************ COMPGEN `prog -ae` ************


************ COMPGEN `prog -ae ` ************
__argc_value:FILE	/kind:value

************ COMPGEN `prog -abe` ************


************ COMPGEN `prog -abe ` ************
__argc_value:FILE	/kind:value

************ COMPGEN `prog -s` ************
-sa	/kind:flag

************ COMPGEN `prog -sa` ************
-sa	/kind:flag

************ COMPGEN `prog -sa ` ************
-a	/kind:flag
--fb	/kind:flag
-b	/kind:flag
--fc	/kind:flag
-f	/kind:flag
-e	/kind:option
--oa	/kind:option
-p	/kind:option


