---
source: tests/lib.rs
assertion_line: 27
expression: stderr.unwrap_or_default()

---
git-push 
Update remote refs along with associated objects

USAGE:
    git push <repository> <refspec>...

ARGS:
    <repository>    The "remote" repository that is destination of a push operation.
    <refspec>...    Specify what destination ref to update with what source object.

OPTIONS:
    -h, --help    Print help information

