---
source: tests/lib.rs
assertion_line: 32
expression: stderr.unwrap_or_default()

---
git-log 
Shows the commit log.

USAGE:
    git log [OPTIONS]

OPTIONS:
        --decorate <DECORATE>    If no --decorate-refs is given, pretend as if all refs were
                                 included. [default: short] [possible values: short, full, auto, no]
        --follow                 Continue listing the history of a file beyond renames
        --grep <GREP>...         Limit the commits output to ones with log message that matches the
                                 specified pattern
    -h, --help                   Print help information

